[Licensing::Module] Trying to connect to existing licensing client channel...
Built from '6000.3/staging' branch; Version is '6000.3.15f1 (c1aa84e375f6) revision 12692100'; Using compiler version '194234433'; Build Type 'Release'
[Licensing::IpcConnector] Successfully connected to: "LicenseClient-nwond" at "2026-07-28T04:03:52.2125396Z"
OS: 'Windows 11  (10.0.26200) Core' Language: 'ko' Physical Memory: 16317 MB
BatchMode: 1, IsHumanControllingUs: 0, StartBugReporterOnCrash: 0, Is64bit: 1
System  architecture: x64
Process architecture: x64
Date: 2026-07-28T04:03:52Z

COMMAND LINE ARGUMENTS:
C:\Program Files\Unity\Hub\Editor\6000.3.15f1\Editor\Unity.exe
-adb2
-batchMode
-noUpm
-name
AssetImportWorker10
-projectPath
C:/Users/nwond/OneDrive/바탕 화면/Pocket-Racer/Program
-logFile
Logs/AssetImportWorker10.log
-srvPort
61214
-licensingIpc
LicenseClient-nwond
-job-worker-count
5
-background-job-worker-count
8
-gc-helper-count
1
-name
AssetImport
Successfully changed project path to: C:/Users/nwond/OneDrive/바탕 화면/Pocket-Racer/Program
C:/Users/nwond/OneDrive/바탕 화면/Pocket-Racer/Program
[UnityMemory] Configuration Parameters - Can be set up in boot.config
    "memorysetup-temp-allocator-size-nav-mesh-worker=65536"
    "memorysetup-temp-allocator-size-audio-worker=65536"
    "memorysetup-temp-allocator-size-gfx=262144"
    "memorysetup-allocator-temp-initial-block-size-main=262144"
    "memorysetup-allocator-temp-initial-block-size-worker=262144"
    "memorysetup-temp-allocator-size-background-worker=32768"
    "memorysetup-temp-allocator-size-job-worker=262144"
    "memorysetup-temp-allocator-size-preload-manager=33554432"
    "memorysetup-temp-allocator-size-gi-baking-worker=262144"
    "memorysetup-temp-allocator-size-gi-baking-worker=262144"
    "memorysetup-temp-allocator-size-gi-baking-worker=262144"
    "memorysetup-temp-allocator-size-gi-baking-worker=262144"
    "memorysetup-temp-allocator-size-gi-baking-worker=262144"
    "memorysetup-bucket-allocator-granularity=16"
    "memorysetup-bucket-allocator-bucket-count=8"
    "memorysetup-bucket-allocator-block-size=33554432"
    "memorysetup-bucket-allocator-block-count=8"
    "memorysetup-main-allocator-block-size=16777216"
    "memorysetup-thread-allocator-block-size=16777216"
    "memorysetup-gfx-main-allocator-block-size=16777216"
    "memorysetup-gfx-thread-allocator-block-size=16777216"
    "memorysetup-cache-allocator-block-size=4194304"
    "memorysetup-typetree-allocator-block-size=2097152"
    "memorysetup-profiler-bucket-allocator-granularity=16"
    "memorysetup-profiler-bucket-allocator-bucket-count=8"
    "memorysetup-profiler-bucket-allocator-block-size=33554432"
    "memorysetup-profiler-bucket-allocator-block-count=8"
    "memorysetup-profiler-allocator-block-size=16777216"
    "memorysetup-profiler-editor-allocator-block-size=1048576"
    "memorysetup-temp-allocator-size-main=16777216"
    "memorysetup-job-temp-allocator-block-size=2097152"
    "memorysetup-job-temp-allocator-block-size-background=1048576"
    "memorysetup-job-temp-allocator-reduction-small-platforms=262144"
    "memorysetup-temp-allocator-size-cloud-worker=32768"
Player connection [4400]  Target information:

Player connection [4400]  * "[IP] 192.168.219.104 [Port] 0 [Flags] 2 [Guid] 2000697356 [EditorId] 2000697356 [Version] 1048832 [Id] WindowsEditor(7,Dinosaur) [Debug] 1 [PackageName] WindowsEditor [ProjectName] Editor" 

Player connection [4400] Host joined multi-casting on [225.0.0.222:54997]...
Player connection [4400] Host joined alternative multi-casting on [225.0.0.222:34997]...
JobSystem: Creating JobQueue using job-worker-count value 5
Input System module state changed to: Initialized.
[Physics::Module] Initialized fallback backend.
[Physics::Module] Id: 0xdecafbad
Library Redirect Path: Library/
[Physics::Module] Selected backend.
[Physics::Module] Name: PhysX
[Physics::Module] Id: 0xf2b8ea05
[Physics::Module] SDK Version: 4.1.2
[Physics::Module] Integration Version: 1.0.0
[Physics::Module] Threading Mode: Multi-Threaded
Refreshing native plugins compatible for Editor in 11.42 ms, found 4 plugins.
Preloading 0 native plugins for Editor in 0.00 ms.
Initialize engine version: 6000.3.15f1 (c1aa84e375f6)
[Subsystems] Discovering subsystems at path C:/Program Files/Unity/Hub/Editor/6000.3.15f1/Editor/Data/Resources/UnitySubsystems
[Subsystems] Discovering subsystems at path C:/Users/nwond/OneDrive/바탕 화면/Pocket-Racer/Program/Assets
GfxDevice: creating device client; kGfxThreadingModeNonThreaded
Direct3D:
    Version:  Direct3D 11.0 [level 11.1]
    Renderer: NVIDIA GeForce RTX 3060 (ID=0x2544)
    Vendor:   NVIDIA
    VRAM:     8036 MB
    Driver:   32.0.16.1074
Initialize mono
Mono path[0] = 'C:/Program Files/Unity/Hub/Editor/6000.3.15f1/Editor/Data/Managed'
Mono path[1] = 'C:/Program Files/Unity/Hub/Editor/6000.3.15f1/Editor/Data/MonoBleedingEdge/lib/mono/unityjit-win32'
Mono config path = 'C:/Program Files/Unity/Hub/Editor/6000.3.15f1/Editor/Data/MonoBleedingEdge/etc'
Using monoOptions --debugger-agent=transport=dt_socket,embedding=1,server=y,suspend=n,address=127.0.0.1:56904
Begin MonoManager ReloadAssembly
Registering precompiled unity dll's ...
Register platform support module: C:/Program Files/Unity/Hub/Editor/6000.3.15f1/Editor/Data/PlaybackEngines/WindowsStandaloneSupport/UnityEditor.WindowsStandalone.Extensions.dll
Registered in 0.003002 seconds.
- Loaded All Assemblies, in  0.581 seconds
Native extension for WindowsStandalone target not found
Package Manager log level set to [2]
[Package Manager] Failed to launch server process. Reason: Unity was launched with the -noUpm command-line argument
[Package Manager] Unable to send message (not connected to server process).
[Package Manager] Cannot connect to Unity Package Manager local server
ScheduleIndexationOnStartup MainProcess:False IndexOnStartup:True
Mono: successfully reloaded assembly
- Finished resetting the current domain, in  0.501 seconds
Domain Reload Profiling: 1076ms
	BeginReloadAssembly (187ms)
		ExecutionOrderSort (0ms)
		DisableScriptedObjects (0ms)
		BackupInstance (0ms)
		ReleaseScriptingObjects (0ms)
		CreateAndSetChildDomain (1ms)
	RebuildCommonClasses (57ms)
	RebuildNativeTypeToScriptingClass (18ms)
	initialDomainReloadingComplete (62ms)
	LoadAllAssembliesAndSetupDomain (250ms)
		LoadAssemblies (181ms)
		RebuildTransferFunctionScriptingTraits (0ms)
		AnalyzeDomain (247ms)
			TypeCache.Refresh (245ms)
				TypeCache.ScanAssembly (225ms)
			BuildScriptInfoCaches (0ms)
			ResolveRequiredComponents (1ms)
	FinalizeReload (501ms)
		ReleaseScriptCaches (0ms)
		RebuildScriptCaches (0ms)
		SetupLoadedEditorAssemblies (451ms)
			LogAssemblyErrors (0ms)
			InitializePlatformSupportModulesInManaged (63ms)
			SetLoadedEditorAssemblies (5ms)
			BeforeProcessingInitializeOnLoad (100ms)
			ProcessInitializeOnLoadAttributes (180ms)
			ProcessInitializeOnLoadMethodAttributes (103ms)
			AfterProcessingInitializeOnLoad (0ms)
			EditorAssembliesLoaded (0ms)
		ExecutionOrderSort2 (0ms)
		AwakeInstancesAfterBackupRestoration (0ms)
[Licensing::Client] Error: HandshakeResponse reported an error:
	ResponseCode: 505
	ResponseStatus: Unsupported protocol version '1.18.1'.
[Licensing::Module] Error: Failed to handshake to channel: "LicenseClient-nwond"
[Licensing::IpcConnector] LicenseClient-nwond channel disconnected successfully.
[Licensing::IpcConnector] Successfully connected to: "LicenseClient-nwond-6000.3.15" at "2026-07-28T04:03:54.5803367Z"
[Licensing::Client] Code 10 while verifying Licensing Client signature (process Id: 25596, path: "C:/Program Files/Unity/Hub/Editor/6000.3.15f1/Editor/Data/Resources/Licensing/Client/Unity.Licensing.Client.exe")
[Licensing::Module] LicensingClient has failed validation; ignoring
[Licensing::Client] Handshaking with LicensingClient:
  Version:                 1.18.1+9fbee8e
  Session Id:              cef546b8128645e6952fa4a463460ced
  Correlation Id:          068ee9ad5a76ca94e523770b0f848c72
  External correlation Id: 7130394525307140500
  Machine Id:              vzHBHqQzprq0ab1zjqc1s15jH+s=
[Licensing::Module] Successfully connected to LicensingClient on channel: "LicenseClient-nwond-6000.3.15" (connect: 0.00s, validation: 0.00s, handshake: 0.01s)
[Licensing::IpcConnector] Successfully connected to: "LicenseClient-nwond-6000.3.15-notifications" at "2026-07-28T04:03:54.5943118Z"
[Licensing::Module] Licensing Background thread has ended after 2.38s
========================================================================
Worker process is ready to serve import requests
Import Worker Mode flag is 0x00
Begin MonoManager ReloadAssembly
[Licensing::Client] Successfully resolved entitlement details
[Licensing::Module] License group:
  Id: 14569174559127-UnityPersXXXX
  Product: Unity Personal
  Type: Assigned
  Expiration: Unlimited
- Loaded All Assemblies, in  1.209 seconds
Refreshing native plugins compatible for Editor in 3.30 ms, found 4 plugins.
Native extension for WindowsStandalone target not found
[Package Manager] Failed to launch server process. Reason: Unity was launched with the -noUpm command-line argument
[Package Manager] Unable to send message (not connected to server process).
[Package Manager] Cannot connect to Unity Package Manager local server
Refreshing native plugins compatible for Editor in 3.45 ms, found 4 plugins.
[Package Manager] Failed to launch server process. Reason: Unity was launched with the -noUpm command-line argument
[Package Manager] Unable to send message (not connected to server process).
[Package Manager] Cannot connect to Unity Package Manager local server
ScheduleIndexationOnStartup MainProcess:False IndexOnStartup:True
Mono: successfully reloaded assembly
- Finished resetting the current domain, in  1.340 seconds
Domain Reload Profiling: 2536ms
	BeginReloadAssembly (224ms)
		ExecutionOrderSort (0ms)
		DisableScriptedObjects (7ms)
		BackupInstance (0ms)
		ReleaseScriptingObjects (0ms)
		CreateAndSetChildDomain (31ms)
	RebuildCommonClasses (50ms)
	RebuildNativeTypeToScriptingClass (15ms)
	initialDomainReloadingComplete (60ms)
	LoadAllAssembliesAndSetupDomain (847ms)
		LoadAssemblies (591ms)
		RebuildTransferFunctionScriptingTraits (0ms)
		AnalyzeDomain (386ms)
			TypeCache.Refresh (276ms)
				TypeCache.ScanAssembly (252ms)
			BuildScriptInfoCaches (91ms)
			ResolveRequiredComponents (12ms)
	FinalizeReload (1340ms)
		ReleaseScriptCaches (0ms)
		RebuildScriptCaches (0ms)
		SetupLoadedEditorAssemblies (1101ms)
			LogAssemblyErrors (0ms)
			InitializePlatformSupportModulesInManaged (2ms)
			SetLoadedEditorAssemblies (4ms)
			BeforeProcessingInitializeOnLoad (172ms)
			ProcessInitializeOnLoadAttributes (841ms)
			ProcessInitializeOnLoadMethodAttributes (71ms)
			AfterProcessingInitializeOnLoad (11ms)
			EditorAssembliesLoaded (0ms)
		ExecutionOrderSort2 (0ms)
		AwakeInstancesAfterBackupRestoration (15ms)
Launched and connected shader compiler UnityShaderCompiler.exe after 0.02 seconds
Refreshing native plugins compatible for Editor in 4.05 ms, found 4 plugins.
Preloading 0 native plugins for Editor in 0.00 ms.
Unloading 16 Unused Serialized files (Serialized files now loaded: 0)
Unloading 6805 unused Assets / (3.6 MB). Loaded Objects now: 7607.
Memory consumption went from 158.6 MB to 155.0 MB.
Total: 16.528200 ms (FindLiveObjects: 1.876800 ms CreateObjectMapping: 1.237800 ms MarkObjects: 9.320300 ms  DeleteObjects: 4.091300 ms)

========================================================================
Received Import Request.
  Time since last request: 758799.705337 seconds.
  path: Assets/Settings/Mobile_RPAsset.asset
  artifactKey: Guid(5e6cbd92db86f4b18aec3ed561671858) Importer(815301076,1909f56bfc062723c751e8b465ee728b)
Start importing Assets/Settings/Mobile_RPAsset.asset using Guid(5e6cbd92db86f4b18aec3ed561671858) Importer(815301076,1909f56bfc062723c751e8b465ee728b) (PreviewImporter) -> (artifact id: 'f5f501c31461587f03f65d954447c526') in 0.0311917 seconds
Number of updated asset objects reloaded before import = 0Number of asset objects unloaded after import = 2

========================================================================
Received Import Request.
  Time since last request: 0.000020 seconds.
  path: Assets/Settings/PC_RPAsset.asset
  artifactKey: Guid(4b83569d67af61e458304325a23e5dfd) Importer(815301076,1909f56bfc062723c751e8b465ee728b)
Start importing Assets/Settings/PC_RPAsset.asset using Guid(4b83569d67af61e458304325a23e5dfd) Importer(815301076,1909f56bfc062723c751e8b465ee728b) (PreviewImporter) -> (artifact id: '1ae99af97d21af08fa26899be978f520') in 0.001214 seconds
Number of updated asset objects reloaded before import = 0Number of asset objects unloaded after import = 0

========================================================================
Received Import Request.
  Time since last request: 298.151488 seconds.
  path: Assets/Apex Studio/Toon Racer Starter Track Kit/Materials/Mat_Barrier.mat
  artifactKey: Guid(6eb573b177b1fd84888e9afcf3510811) Importer(2089858483,b0f066a214c2f5e87bad3c948f4d605d)
Start importing Assets/Apex Studio/Toon Racer Starter Track Kit/Materials/Mat_Barrier.mat using Guid(6eb573b177b1fd84888e9afcf3510811) Importer(2089858483,b0f066a214c2f5e87bad3c948f4d605d) (ScriptedImporter) -> (artifact id: 'ed9ad08a02d45b458d3151012da94b14') in 0.2831314 seconds
Number of updated asset objects reloaded before import = 0Number of asset objects unloaded after import = 4

========================================================================
Received Import Request.
  Time since last request: 0.000032 seconds.
  path: Assets/Apex Studio/Toon Racer Starter Track Kit/Meshes/Track03.fbx
  artifactKey: Guid(31aaceea64ba9d44881c51e286e5e6be) Importer(2089858483,b0f066a214c2f5e87bad3c948f4d605d)
Start importing Assets/Apex Studio/Toon Racer Starter Track Kit/Meshes/Track03.fbx using Guid(31aaceea64ba9d44881c51e286e5e6be) Importer(2089858483,b0f066a214c2f5e87bad3c948f4d605d) (ScriptedImporter) -> (artifact id: '7c928458054607c4ed1d1c6f5bd52bb0') in 0.2020653 seconds
Number of updated asset objects reloaded before import = 0Number of asset objects unloaded after import = 17

========================================================================
Received Import Request.
  Time since last request: 0.000103 seconds.
  path: Assets/Apex Studio/Toon Racer Starter Track Kit/Demo/Scenes
  artifactKey: Guid(f5f832ccaa89b3c45bc917a6f118f8d9) Importer(2089858483,b0f066a214c2f5e87bad3c948f4d605d)
Start importing Assets/Apex Studio/Toon Racer Starter Track Kit/Demo/Scenes using Guid(f5f832ccaa89b3c45bc917a6f118f8d9) Importer(2089858483,b0f066a214c2f5e87bad3c948f4d605d) (ScriptedImporter) -> (artifact id: '6587aefbb4e19cb3d27696151ed478cd') in 0.0187428 seconds
Number of updated asset objects reloaded before import = 0Number of asset objects unloaded after import = 1

========================================================================
Received Import Request.
  Time since last request: 0.000024 seconds.
  path: Assets/Apex Studio/Toon Racer Starter Track Kit/Prefabs/Tracks/Track05.prefab
  artifactKey: Guid(80270212036254f42a90b61206399e8c) Importer(2089858483,b0f066a214c2f5e87bad3c948f4d605d)
Start importing Assets/Apex Studio/Toon Racer Starter Track Kit/Prefabs/Tracks/Track05.prefab using Guid(80270212036254f42a90b61206399e8c) Importer(2089858483,b0f066a214c2f5e87bad3c948f4d605d) (ScriptedImporter) -> (artifact id: '189aefc9a4531333d3b474aa620b171b') in 0.027498 seconds
Number of updated asset objects reloaded before import = 0Number of asset objects unloaded after import = 18

========================================================================
Received Import Request.
  Time since last request: 0.000032 seconds.
  path: Assets/Apex Studio/Toon Racer Starter Track Kit/Textures/Road/Road_Normal.png
  artifactKey: Guid(f6f200c50fc9e644ebf7c507acd5aa0c) Importer(2089858483,b0f066a214c2f5e87bad3c948f4d605d)
Start importing Assets/Apex Studio/Toon Racer Starter Track Kit/Textures/Road/Road_Normal.png using Guid(f6f200c50fc9e644ebf7c507acd5aa0c) Importer(2089858483,b0f066a214c2f5e87bad3c948f4d605d) (ScriptedImporter) -> (artifact id: '695d37fb2baf9cba0046f2d21fb66635') in 0.128528 seconds
Number of updated asset objects reloaded before import = 0Number of asset objects unloaded after import = 1

========================================================================
Received Import Request.
  Time since last request: 0.000044 seconds.
  path: Assets/Apex Studio/Toon Racer Starter Track Kit/Documentation
  artifactKey: Guid(ddf5a176782e20543a364aded48aa811) Importer(2089858483,b0f066a214c2f5e87bad3c948f4d605d)
Start importing Assets/Apex Studio/Toon Racer Starter Track Kit/Documentation using Guid(ddf5a176782e20543a364aded48aa811) Importer(2089858483,b0f066a214c2f5e87bad3c948f4d605d) (ScriptedImporter) -> (artifact id: '86bfaa00ccbe10275131411a78563108') in 0.018733 seconds
Number of updated asset objects reloaded before import = 0Number of asset objects unloaded after import = 1

========================================================================
Received Import Request.
  Time since last request: 0.000031 seconds.
  path: Assets/Apex Studio/Toon Racer Starter Track Kit/Prefabs/Tracks/Track03.prefab
  artifactKey: Guid(4f1fcc83c159a5c40bcaef762f5eb3ba) Importer(2089858483,b0f066a214c2f5e87bad3c948f4d605d)
Start importing Assets/Apex Studio/Toon Racer Starter Track Kit/Prefabs/Tracks/Track03.prefab using Guid(4f1fcc83c159a5c40bcaef762f5eb3ba) Importer(2089858483,b0f066a214c2f5e87bad3c948f4d605d) (ScriptedImporter) -> (artifact id: '97af812bbfb136286a6a05d850827b28') in 0.0409048 seconds
Number of updated asset objects reloaded before import = 0Number of asset objects unloaded after import = 18

========================================================================
Received Import Request.
  Time since last request: 0.000046 seconds.
  path: Assets/Apex Studio/Toon Racer Starter Track Kit/Prefabs/Tracks/Track02.prefab
  artifactKey: Guid(2660826ff0126084eb563b4cbf9db72f) Importer(2089858483,b0f066a214c2f5e87bad3c948f4d605d)
Start importing Assets/Apex Studio/Toon Racer Starter Track Kit/Prefabs/Tracks/Track02.prefab using Guid(2660826ff0126084eb563b4cbf9db72f) Importer(2089858483,b0f066a214c2f5e87bad3c948f4d605d) (ScriptedImporter) -> (artifact id: '16ee776b0a27f124f9c9763731399c15') in 0.0406933 seconds
Number of updated asset objects reloaded before import = 0Number of asset objects unloaded after import = 18

========================================================================
Received Import Request.
  Time since last request: 0.000054 seconds.
  path: Assets/Apex Studio/Toon Racer Starter Track Kit/Prefabs/Ground.prefab
  artifactKey: Guid(06708a03200068e43b170ac12c935c11) Importer(2089858483,b0f066a214c2f5e87bad3c948f4d605d)
Start importing Assets/Apex Studio/Toon Racer Starter Track Kit/Prefabs/Ground.prefab using Guid(06708a03200068e43b170ac12c935c11) Importer(2089858483,b0f066a214c2f5e87bad3c948f4d605d) (ScriptedImporter) -> (artifact id: 'e78d8e964b58ac7e0440251b406eaff0') in 0.0279557 seconds
Number of updated asset objects reloaded before import = 0Number of asset objects unloaded after import = 9

========================================================================
Received Import Request.
  Time since last request: 0.000039 seconds.
  path: Assets/Apex Studio/Toon Racer Starter Track Kit/Meshes/Track02.fbx
  artifactKey: Guid(1d24ab9c17e70d842b325347a02013aa) Importer(2089858483,b0f066a214c2f5e87bad3c948f4d605d)
Start importing Assets/Apex Studio/Toon Racer Starter Track Kit/Meshes/Track02.fbx using Guid(1d24ab9c17e70d842b325347a02013aa) Importer(2089858483,b0f066a214c2f5e87bad3c948f4d605d) (ScriptedImporter) -> (artifact id: '202ffa3809d744b0104d22137587c2da') in 0.073149 seconds
Number of updated asset objects reloaded before import = 0Number of asset objects unloaded after import = 17

========================================================================
Received Import Request.
  Time since last request: 0.000044 seconds.
  path: Assets/Apex Studio/Toon Racer Starter Track Kit/Materials/Mat_Road.mat
  artifactKey: Guid(b0910e4ee49fd9147b89504357fe036a) Importer(2089858483,b0f066a214c2f5e87bad3c948f4d605d)
Start importing Assets/Apex Studio/Toon Racer Starter Track Kit/Materials/Mat_Road.mat using Guid(b0910e4ee49fd9147b89504357fe036a) Importer(2089858483,b0f066a214c2f5e87bad3c948f4d605d) (ScriptedImporter) -> (artifact id: 'b3f93310b6dbdd24972bc1cfe2d15a83') in 0.0519034 seconds
Number of updated asset objects reloaded before import = 0Number of asset objects unloaded after import = 4

========================================================================
Received Import Request.
  Time since last request: 0.000028 seconds.
  path: Assets/Apex Studio/Toon Racer Starter Track Kit/Meshes
  artifactKey: Guid(fb836c0e2c718194cbf3d815553e73dc) Importer(2089858483,b0f066a214c2f5e87bad3c948f4d605d)
Start importing Assets/Apex Studio/Toon Racer Starter Track Kit/Meshes using Guid(fb836c0e2c718194cbf3d815553e73dc) Importer(2089858483,b0f066a214c2f5e87bad3c948f4d605d) (ScriptedImporter) -> (artifact id: '077cdb51790916bbb0431e491a0b9e3f') in 0.0226474 seconds
Number of updated asset objects reloaded before import = 0Number of asset objects unloaded after import = 1

========================================================================
Received Import Request.
  Time since last request: 0.000041 seconds.
  path: Assets/Apex Studio/Toon Racer Starter Track Kit/Textures/PlaneGround
  artifactKey: Guid(a71231c2392127040aaa115520454d27) Importer(2089858483,b0f066a214c2f5e87bad3c948f4d605d)
Start importing Assets/Apex Studio/Toon Racer Starter Track Kit/Textures/PlaneGround using Guid(a71231c2392127040aaa115520454d27) Importer(2089858483,b0f066a214c2f5e87bad3c948f4d605d) (ScriptedImporter) -> (artifact id: '6e9d02c7f8e2cea2557aa8184f61ad28') in 0.0188906 seconds
Number of updated asset objects reloaded before import = 0Number of asset objects unloaded after import = 1

========================================================================
Received Import Request.
  Time since last request: 0.000072 seconds.
  path: Assets/Apex Studio/Toon Racer Starter Track Kit/Prefabs/Car.prefab
  artifactKey: Guid(4ae7afde5628f914dbff1cefac0e2d74) Importer(2089858483,b0f066a214c2f5e87bad3c948f4d605d)
Start importing Assets/Apex Studio/Toon Racer Starter Track Kit/Prefabs/Car.prefab using Guid(4ae7afde5628f914dbff1cefac0e2d74) Importer(2089858483,b0f066a214c2f5e87bad3c948f4d605d) (ScriptedImporter) -> (artifact id: '0044a06fe257014ae50c553e4abc230d') in 0.022264 seconds
Number of updated asset objects reloaded before import = 0Number of asset objects unloaded after import = 36

========================================================================
Received Import Request.
  Time since last request: 0.000026 seconds.
  path: Assets/Apex Studio
  artifactKey: Guid(ef3e99fc501e50040bcfd58636741462) Importer(2089858483,b0f066a214c2f5e87bad3c948f4d605d)
Start importing Assets/Apex Studio using Guid(ef3e99fc501e50040bcfd58636741462) Importer(2089858483,b0f066a214c2f5e87bad3c948f4d605d) (ScriptedImporter) -> (artifact id: 'f9458feedc41ff2e4c8a5c826b9f3b22') in 0.0172739 seconds
Number of updated asset objects reloaded before import = 0Number of asset objects unloaded after import = 1

========================================================================
Received Import Request.
  Time since last request: 0.000027 seconds.
  path: Assets/Apex Studio/Toon Racer Starter Track Kit/Textures/Car/Car__Albedo.png
  artifactKey: Guid(344f99cb29fcb754b8bac0c3cc66a646) Importer(2089858483,b0f066a214c2f5e87bad3c948f4d605d)
Start importing Assets/Apex Studio/Toon Racer Starter Track Kit/Textures/Car/Car__Albedo.png using Guid(344f99cb29fcb754b8bac0c3cc66a646) Importer(2089858483,b0f066a214c2f5e87bad3c948f4d605d) (ScriptedImporter) -> (artifact id: '3e5f8537dd71584fd2719e55367ca023') in 0.0380302 seconds
Number of updated asset objects reloaded before import = 0Number of asset objects unloaded after import = 1

========================================================================
Received Import Request.
  Time since last request: 0.000039 seconds.
  path: Assets/Apex Studio/Toon Racer Starter Track Kit/Prefabs/Tracks
  artifactKey: Guid(af68e48ffae5f1f43bec79e774d79819) Importer(2089858483,b0f066a214c2f5e87bad3c948f4d605d)
Start importing Assets/Apex Studio/Toon Racer Starter Track Kit/Prefabs/Tracks using Guid(af68e48ffae5f1f43bec79e774d79819) Importer(2089858483,b0f066a214c2f5e87bad3c948f4d605d) (ScriptedImporter) -> (artifact id: '9d64fa38e85a066134befddd0c22ef62') in 0.0186198 seconds
Number of updated asset objects reloaded before import = 0Number of asset objects unloaded after import = 1

========================================================================
Received Import Request.
  Time since last request: 0.000029 seconds.
  path: Assets/Apex Studio/Toon Racer Starter Track Kit/Meshes/Car.fbx
  artifactKey: Guid(08abe823016adfd4f9b0e33a7002f6a0) Importer(2089858483,b0f066a214c2f5e87bad3c948f4d605d)
Start importing Assets/Apex Studio/Toon Racer Starter Track Kit/Meshes/Car.fbx using Guid(08abe823016adfd4f9b0e33a7002f6a0) Importer(2089858483,b0f066a214c2f5e87bad3c948f4d605d) (ScriptedImporter) -> (artifact id: 'ea769bebb704b7279a387a20a144e8ca') in 0.0515433 seconds
Number of updated asset objects reloaded before import = 0Number of asset objects unloaded after import = 29

========================================================================
Received Import Request.
  Time since last request: 0.000030 seconds.
  path: Assets/Apex Studio/Toon Racer Starter Track Kit/Prefabs/Tracks/Track01.prefab
  artifactKey: Guid(a40b4b7ca208e87468a6587ee6043da7) Importer(2089858483,b0f066a214c2f5e87bad3c948f4d605d)
Start importing Assets/Apex Studio/Toon Racer Starter Track Kit/Prefabs/Tracks/Track01.prefab using Guid(a40b4b7ca208e87468a6587ee6043da7) Importer(2089858483,b0f066a214c2f5e87bad3c948f4d605d) (ScriptedImporter) -> (artifact id: 'c1a41be02e7a2db78227759bb7ee90cc') in 0.0311999 seconds
Number of updated asset objects reloaded before import = 0Number of asset objects unloaded after import = 18

========================================================================
Received Import Request.
  Time since last request: 0.000056 seconds.
  path: Assets/Apex Studio/Toon Racer Starter Track Kit/Textures/Car
  artifactKey: Guid(e1396db9ed66f7d43b38e471bea10089) Importer(2089858483,b0f066a214c2f5e87bad3c948f4d605d)
Start importing Assets/Apex Studio/Toon Racer Starter Track Kit/Textures/Car using Guid(e1396db9ed66f7d43b38e471bea10089) Importer(2089858483,b0f066a214c2f5e87bad3c948f4d605d) (ScriptedImporter) -> (artifact id: '7696cd9f22bbf17fe10d8a473d31d26e') in 0.0169893 seconds
Number of updated asset objects reloaded before import = 0Number of asset objects unloaded after import = 1

========================================================================
Received Import Request.
  Time since last request: 0.000028 seconds.
  path: Assets/Apex Studio/Toon Racer Starter Track Kit/Meshes/PlaneGround.fbx
  artifactKey: Guid(edaf26cce07380c4cbc39aa6b35e89ea) Importer(2089858483,b0f066a214c2f5e87bad3c948f4d605d)
Start importing Assets/Apex Studio/Toon Racer Starter Track Kit/Meshes/PlaneGround.fbx using Guid(edaf26cce07380c4cbc39aa6b35e89ea) Importer(2089858483,b0f066a214c2f5e87bad3c948f4d605d) (ScriptedImporter) -> (artifact id: '1736ab24dfcbc886f6e561ee53b0e0ca') in 0.0770077 seconds
Number of updated asset objects reloaded before import = 0Number of asset objects unloaded after import = 8

========================================================================
Received Import Request.
  Time since last request: 9.464468 seconds.
  path: Assets/Toon Racer Starter Track Kit/Demo
  artifactKey: Guid(2b62cae1fb8c33e49a4ce963e443af33) Importer(2089858483,b0f066a214c2f5e87bad3c948f4d605d)
Start importing Assets/Toon Racer Starter Track Kit/Demo using Guid(2b62cae1fb8c33e49a4ce963e443af33) Importer(2089858483,b0f066a214c2f5e87bad3c948f4d605d) (ScriptedImporter) -> (artifact id: '55aaf3fb3e0909204a4053df427b3aa5') in 0.0177515 seconds
Number of updated asset objects reloaded before import = 0Number of asset objects unloaded after import = 1

========================================================================
Received Import Request.
  Time since last request: 0.000032 seconds.
  path: Assets/Toon Racer Starter Track Kit/Meshes/Track03.fbx
  artifactKey: Guid(31aaceea64ba9d44881c51e286e5e6be) Importer(2089858483,b0f066a214c2f5e87bad3c948f4d605d)
Start importing Assets/Toon Racer Starter Track Kit/Meshes/Track03.fbx using Guid(31aaceea64ba9d44881c51e286e5e6be) Importer(2089858483,b0f066a214c2f5e87bad3c948f4d605d) (ScriptedImporter) -> (artifact id: '246af6e5c5ec415fd3a609157ba6879d') in 0.0388563 seconds
Number of updated asset objects reloaded before import = 0Number of asset objects unloaded after import = 17

========================================================================
Received Import Request.
  Time since last request: 0.000039 seconds.
  path: Assets/Toon Racer Starter Track Kit/Textures/Road/Road_Normal.png
  artifactKey: Guid(f6f200c50fc9e644ebf7c507acd5aa0c) Importer(2089858483,b0f066a214c2f5e87bad3c948f4d605d)
Start importing Assets/Toon Racer Starter Track Kit/Textures/Road/Road_Normal.png using Guid(f6f200c50fc9e644ebf7c507acd5aa0c) Importer(2089858483,b0f066a214c2f5e87bad3c948f4d605d) (ScriptedImporter) -> (artifact id: 'd88aee8111c63e6124b1186364a25ca5') in 0.0231713 seconds
Number of updated asset objects reloaded before import = 0Number of asset objects unloaded after import = 1

========================================================================
Received Import Request.
  Time since last request: 0.000028 seconds.
  path: Assets/Toon Racer Starter Track Kit/Prefabs/Tracks/Track02.prefab
  artifactKey: Guid(2660826ff0126084eb563b4cbf9db72f) Importer(2089858483,b0f066a214c2f5e87bad3c948f4d605d)
Start importing Assets/Toon Racer Starter Track Kit/Prefabs/Tracks/Track02.prefab using Guid(2660826ff0126084eb563b4cbf9db72f) Importer(2089858483,b0f066a214c2f5e87bad3c948f4d605d) (ScriptedImporter) -> (artifact id: '8a114f07afbb9191fef68ceeee9ac2a6') in 0.021763 seconds
Number of updated asset objects reloaded before import = 0Number of asset objects unloaded after import = 18

========================================================================
Received Import Request.
  Time since last request: 0.000025 seconds.
  path: Assets/Toon Racer Starter Track Kit
  artifactKey: Guid(3e0d31498fc0e464f847ece9125cbcdf) Importer(2089858483,b0f066a214c2f5e87bad3c948f4d605d)
Start importing Assets/Toon Racer Starter Track Kit using Guid(3e0d31498fc0e464f847ece9125cbcdf) Importer(2089858483,b0f066a214c2f5e87bad3c948f4d605d) (ScriptedImporter) -> (artifact id: 'e142b57f7cd6e28a1a33a37374d86e2d') in 0.0185685 seconds
Number of updated asset objects reloaded before import = 0Number of asset objects unloaded after import = 1

========================================================================
Received Import Request.
  Time since last request: 0.000048 seconds.
  path: Assets/Toon Racer Starter Track Kit/Textures/Car/Car_MaskMap.png
  artifactKey: Guid(59f3ce0488650c04095ce4aed623b264) Importer(2089858483,b0f066a214c2f5e87bad3c948f4d605d)
Start importing Assets/Toon Racer Starter Track Kit/Textures/Car/Car_MaskMap.png using Guid(59f3ce0488650c04095ce4aed623b264) Importer(2089858483,b0f066a214c2f5e87bad3c948f4d605d) (ScriptedImporter) -> (artifact id: 'b8240fe4b73f4752c92579367b228291') in 0.0301481 seconds
Number of updated asset objects reloaded before import = 0Number of asset objects unloaded after import = 1

========================================================================
Received Import Request.
  Time since last request: 0.000026 seconds.
  path: Assets/Toon Racer Starter Track Kit/Materials/Mat_Ground.mat
  artifactKey: Guid(811dbc42f13e5ea47b0156d108a9a653) Importer(2089858483,b0f066a214c2f5e87bad3c948f4d605d)
Start importing Assets/Toon Racer Starter Track Kit/Materials/Mat_Ground.mat using Guid(811dbc42f13e5ea47b0156d108a9a653) Importer(2089858483,b0f066a214c2f5e87bad3c948f4d605d) (ScriptedImporter) -> (artifact id: '3fbbc47fa2c8c1bd04cb3ccfaf16bed0') in 0.0213968 seconds
Number of updated asset objects reloaded before import = 0Number of asset objects unloaded after import = 1

========================================================================
Received Import Request.
  Time since last request: 0.000021 seconds.
  path: Assets/Toon Racer Starter Track Kit/Textures
  artifactKey: Guid(fe21bd3fa8cf7f242971c14fee26e0a7) Importer(2089858483,b0f066a214c2f5e87bad3c948f4d605d)
Start importing Assets/Toon Racer Starter Track Kit/Textures using Guid(fe21bd3fa8cf7f242971c14fee26e0a7) Importer(2089858483,b0f066a214c2f5e87bad3c948f4d605d) (ScriptedImporter) -> (artifact id: 'e96a2a0b020f4742dc365553d513281b') in 0.0164814 seconds
Number of updated asset objects reloaded before import = 0Number of asset objects unloaded after import = 1

========================================================================
Received Import Request.
  Time since last request: 0.000036 seconds.
  path: Assets/Toon Racer Starter Track Kit/Meshes/PlaneGround.fbx
  artifactKey: Guid(edaf26cce07380c4cbc39aa6b35e89ea) Importer(2089858483,b0f066a214c2f5e87bad3c948f4d605d)
Start importing Assets/Toon Racer Starter Track Kit/Meshes/PlaneGround.fbx using Guid(edaf26cce07380c4cbc39aa6b35e89ea) Importer(2089858483,b0f066a214c2f5e87bad3c948f4d605d) (ScriptedImporter) -> (artifact id: 'a819817f3cc80350e80b15d59a29a67c') in 0.0262711 seconds
Number of updated asset objects reloaded before import = 0Number of asset objects unloaded after import = 8

========================================================================
Received Import Request.
  Time since last request: 7.950377 seconds.
  path: Assets/Toon Racer Starter Track Kit/Meshes/Track01.fbx
  artifactKey: Guid(ff778d995e96c194b903b8a47b40bf67) Importer(815301076,1909f56bfc062723c751e8b465ee728b)
Start importing Assets/Toon Racer Starter Track Kit/Meshes/Track01.fbx using Guid(ff778d995e96c194b903b8a47b40bf67) Importer(815301076,1909f56bfc062723c751e8b465ee728b) (PreviewImporter) -> (artifact id: 'b11589dd079bc6f43cfa568e2fd09462') in 4.760702 seconds
Number of updated asset objects reloaded before import = 0Number of asset objects unloaded after import = 21

========================================================================
Received Import Request.
  Time since last request: 12.814639 seconds.
  path: Assets/Toon Racer Starter Track Kit/Materials/Mat_PlaneGround.mat
  artifactKey: Guid(770b2ddc6f5d11e47a75e97ed278e6bc) Importer(815301076,1909f56bfc062723c751e8b465ee728b)
Start importing Assets/Toon Racer Starter Track Kit/Materials/Mat_PlaneGround.mat using Guid(770b2ddc6f5d11e47a75e97ed278e6bc) Importer(815301076,1909f56bfc062723c751e8b465ee728b) (PreviewImporter) -> (artifact id: 'af51cc29f3f97e061203e1f35cb22855') in 6.8306889 seconds
Number of updated asset objects reloaded before import = 0Number of asset objects unloaded after import = 5

========================================================================
Received Import Request.
  Time since last request: 0.298992 seconds.
  path: Assets/Toon Racer Starter Track Kit/Materials/Mat_Ground.mat
  artifactKey: Guid(811dbc42f13e5ea47b0156d108a9a653) Importer(2089858483,b0f066a214c2f5e87bad3c948f4d605d)
Start importing Assets/Toon Racer Starter Track Kit/Materials/Mat_Ground.mat using Guid(811dbc42f13e5ea47b0156d108a9a653) Importer(2089858483,b0f066a214c2f5e87bad3c948f4d605d) (ScriptedImporter) -> (artifact id: 'e6b4ec34319dae02bfcf2468558b6c33') in 0.0226822 seconds
Number of updated asset objects reloaded before import = 0Number of asset objects unloaded after import = 1

========================================================================
Received Import Request.
  Time since last request: 4.764341 seconds.
  path: Assets/Toon Racer Starter Track Kit/Meshes/PlaneGround.fbx
  artifactKey: Guid(edaf26cce07380c4cbc39aa6b35e89ea) Importer(815301076,1909f56bfc062723c751e8b465ee728b)
Start importing Assets/Toon Racer Starter Track Kit/Meshes/PlaneGround.fbx using Guid(edaf26cce07380c4cbc39aa6b35e89ea) Importer(815301076,1909f56bfc062723c751e8b465ee728b) (PreviewImporter) -> (artifact id: 'bb1e9ad3b2bd19bcbd4e372d714969cc') in 0.0541161 seconds
Number of updated asset objects reloaded before import = 0Number of asset objects unloaded after import = 12

========================================================================
Received Import Request.
  Time since last request: 0.000051 seconds.
  path: Assets/Toon Racer Starter Track Kit/Meshes/Track04.fbx
  artifactKey: Guid(6551c672fa38c3249a9e464f5b00dbef) Importer(815301076,1909f56bfc062723c751e8b465ee728b)
Start importing Assets/Toon Racer Starter Track Kit/Meshes/Track04.fbx using Guid(6551c672fa38c3249a9e464f5b00dbef) Importer(815301076,1909f56bfc062723c751e8b465ee728b) (PreviewImporter) -> (artifact id: '08b40b0e7c9ab989ce68bd510025c3da') in 3.4009555 seconds
Number of updated asset objects reloaded before import = 0Number of asset objects unloaded after import = 21

========================================================================
Received Import Request.
  Time since last request: 1.589057 seconds.
  path: Assets/Toon Racer Starter Track Kit/Meshes/Track01.fbx
  artifactKey: Guid(ff778d995e96c194b903b8a47b40bf67) Importer(2089858483,b0f066a214c2f5e87bad3c948f4d605d)
Start importing Assets/Toon Racer Starter Track Kit/Meshes/Track01.fbx using Guid(ff778d995e96c194b903b8a47b40bf67) Importer(2089858483,b0f066a214c2f5e87bad3c948f4d605d) (ScriptedImporter) -> (artifact id: 'c146ca93717c68421b5d7b6cecde108d') in 0.0543175 seconds
Number of updated asset objects reloaded before import = 0Number of asset objects unloaded after import = 17

========================================================================
Received Import Request.
  Time since last request: 65.105044 seconds.
  path: Assets/Toon Racer Starter Track Kit/Prefabs/Tracks/Track03.prefab
  artifactKey: Guid(4f1fcc83c159a5c40bcaef762f5eb3ba) Importer(815301076,1909f56bfc062723c751e8b465ee728b)
Start importing Assets/Toon Racer Starter Track Kit/Prefabs/Tracks/Track03.prefab using Guid(4f1fcc83c159a5c40bcaef762f5eb3ba) Importer(815301076,1909f56bfc062723c751e8b465ee728b) (PreviewImporter) -> (artifact id: '2eb69c10b255e9b18220088767c5e36e') in 0.1500847 seconds
Number of updated asset objects reloaded before import = 0Number of asset objects unloaded after import = 37

========================================================================
Received Import Request.
  Time since last request: 8.989461 seconds.
  path: Assets/Toon Racer Starter Track Kit/Materials/Mat_Road.mat
  artifactKey: Guid(b0910e4ee49fd9147b89504357fe036a) Importer(2089858483,b0f066a214c2f5e87bad3c948f4d605d)
Start importing Assets/Toon Racer Starter Track Kit/Materials/Mat_Road.mat using Guid(b0910e4ee49fd9147b89504357fe036a) Importer(2089858483,b0f066a214c2f5e87bad3c948f4d605d) (ScriptedImporter) -> (artifact id: '39c259a0fdfb4765881b174f30ead5e8') in 0.0225572 seconds
Number of updated asset objects reloaded before import = 0Number of asset objects unloaded after import = 4

========================================================================
Received Import Request.
  Time since last request: 0.000036 seconds.
  path: Assets/Toon Racer Starter Track Kit/Demo/Scenes/Track_Demo.unity
  artifactKey: Guid(6a4e46c20e2f92543a544eeb921a2fc9) Importer(2089858483,b0f066a214c2f5e87bad3c948f4d605d)
Start importing Assets/Toon Racer Starter Track Kit/Demo/Scenes/Track_Demo.unity using Guid(6a4e46c20e2f92543a544eeb921a2fc9) Importer(2089858483,b0f066a214c2f5e87bad3c948f4d605d) (ScriptedImporter) -> (artifact id: 'b9ef37710cdc2ce9d3bd4932f92f3b79') in 0.0129573 seconds
Number of updated asset objects reloaded before import = 0Number of asset objects unloaded after import = 1

========================================================================
Received Import Request.
  Time since last request: 18.218446 seconds.
  path: Assets/Free LowPoly Pack/Meshes/ColumnB_mesh.fbx
  artifactKey: Guid(5fd94bba744a8c44991c32247651bb99) Importer(815301076,1909f56bfc062723c751e8b465ee728b)
Start importing Assets/Free LowPoly Pack/Meshes/ColumnB_mesh.fbx using Guid(5fd94bba744a8c44991c32247651bb99) Importer(815301076,1909f56bfc062723c751e8b465ee728b) (PreviewImporter) -> (artifact id: '88fcb40cecb65730a84bcaefdd1466d7') in 3.9505955 seconds
Number of updated asset objects reloaded before import = 0Number of asset objects unloaded after import = 11

========================================================================
Received Import Request.
  Time since last request: 0.000051 seconds.
  path: Assets/Free LowPoly Pack/Meshes/FloorInteriorA6_mesh.fbx
  artifactKey: Guid(bb26efff5bd20b047b87b0df33781012) Importer(815301076,1909f56bfc062723c751e8b465ee728b)
Start importing Assets/Free LowPoly Pack/Meshes/FloorInteriorA6_mesh.fbx using Guid(bb26efff5bd20b047b87b0df33781012) Importer(815301076,1909f56bfc062723c751e8b465ee728b) (PreviewImporter) -> (artifact id: 'cecbbf22eae12d2e57a81afa6931b3db') in 0.0335283 seconds
Number of updated asset objects reloaded before import = 0Number of asset objects unloaded after import = 12

========================================================================
Received Import Request.
  Time since last request: 0.000073 seconds.
  path: Assets/Free LowPoly Pack/Meshes/GateSmallFrameC_mesh.fbx
  artifactKey: Guid(6c6b31e560e09604081a2848c153e8d1) Importer(815301076,1909f56bfc062723c751e8b465ee728b)
Start importing Assets/Free LowPoly Pack/Meshes/GateSmallFrameC_mesh.fbx using Guid(6c6b31e560e09604081a2848c153e8d1) Importer(815301076,1909f56bfc062723c751e8b465ee728b) (PreviewImporter) -> (artifact id: 'f3317f8c9d4fc61c1dd62b12ef340d33') in 0.0335918 seconds
Number of updated asset objects reloaded before import = 0Number of asset objects unloaded after import = 13

Editor requested this worker to shutdown with reason: Scaling down because of idle timeout
AssetImportWorker is now disconnected from the server
Process exiting
Exiting without the bug reporter. Application will terminate with return code 0