[Licensing::Module] Trying to connect to existing licensing client channel...
[Licensing::IpcConnector] Successfully connected to: "LicenseClient-nwond" at "2026-07-31T03:56:42.1988345Z"
Built from '6000.3/staging' branch; Version is '6000.3.15f1 (c1aa84e375f6) revision 12692100'; Using compiler version '194234433'; Build Type 'Release'
OS: 'Windows 11  (10.0.26200) Core' Language: 'ko' Physical Memory: 16317 MB
BatchMode: 1, IsHumanControllingUs: 0, StartBugReporterOnCrash: 0, Is64bit: 1
System  architecture: x64
Process architecture: x64
Date: 2026-07-31T03:56:42Z

COMMAND LINE ARGUMENTS:
C:\Program Files\Unity\Hub\Editor\6000.3.15f1\Editor\Unity.exe
-adb2
-batchMode
-noUpm
-name
AssetImportWorker4
-projectPath
C:/Users/nwond/OneDrive/바탕 화면/Pocket-Racer/Program
-logFile
Logs/AssetImportWorker4.log
-srvPort
51837
-licensingIpc
LicenseClient-nwond
-job-worker-count
5
-background-job-worker-count
8
-gc-helper-count
1
-name
AssetImport
Successfully changed project path to: C:/Users/nwond/OneDrive/바탕 화면/Pocket-Racer/Program
C:/Users/nwond/OneDrive/바탕 화면/Pocket-Racer/Program
[UnityMemory] Configuration Parameters - Can be set up in boot.config
    "memorysetup-temp-allocator-size-nav-mesh-worker=65536"
    "memorysetup-temp-allocator-size-audio-worker=65536"
    "memorysetup-temp-allocator-size-gfx=262144"
    "memorysetup-allocator-temp-initial-block-size-main=262144"
    "memorysetup-allocator-temp-initial-block-size-worker=262144"
    "memorysetup-temp-allocator-size-background-worker=32768"
    "memorysetup-temp-allocator-size-job-worker=262144"
    "memorysetup-temp-allocator-size-preload-manager=33554432"
    "memorysetup-temp-allocator-size-gi-baking-worker=262144"
    "memorysetup-temp-allocator-size-gi-baking-worker=262144"
    "memorysetup-temp-allocator-size-gi-baking-worker=262144"
    "memorysetup-temp-allocator-size-gi-baking-worker=262144"
    "memorysetup-temp-allocator-size-gi-baking-worker=262144"
    "memorysetup-bucket-allocator-granularity=16"
    "memorysetup-bucket-allocator-bucket-count=8"
    "memorysetup-bucket-allocator-block-size=33554432"
    "memorysetup-bucket-allocator-block-count=8"
    "memorysetup-main-allocator-block-size=16777216"
    "memorysetup-thread-allocator-block-size=16777216"
    "memorysetup-gfx-main-allocator-block-size=16777216"
    "memorysetup-gfx-thread-allocator-block-size=16777216"
    "memorysetup-cache-allocator-block-size=4194304"
    "memorysetup-typetree-allocator-block-size=2097152"
    "memorysetup-profiler-bucket-allocator-granularity=16"
    "memorysetup-profiler-bucket-allocator-bucket-count=8"
    "memorysetup-profiler-bucket-allocator-block-size=33554432"
    "memorysetup-profiler-bucket-allocator-block-count=8"
    "memorysetup-profiler-allocator-block-size=16777216"
    "memorysetup-profiler-editor-allocator-block-size=1048576"
    "memorysetup-temp-allocator-size-main=16777216"
    "memorysetup-job-temp-allocator-block-size=2097152"
    "memorysetup-job-temp-allocator-block-size-background=1048576"
    "memorysetup-job-temp-allocator-reduction-small-platforms=262144"
    "memorysetup-temp-allocator-size-cloud-worker=32768"
Player connection [23972]  Target information:

Player connection [23972]  * "[IP] 192.168.219.104 [Port] 0 [Flags] 2 [Guid] 4253581235 [EditorId] 4253581235 [Version] 1048832 [Id] WindowsEditor(7,Dinosaur) [Debug] 1 [PackageName] WindowsEditor [ProjectName] Editor" 

Player connection [23972] Host joined multi-casting on [225.0.0.222:54997]...
Player connection [23972] Host joined alternative multi-casting on [225.0.0.222:34997]...
JobSystem: Creating JobQueue using job-worker-count value 5
Input System module state changed to: Initialized.
[Physics::Module] Initialized fallback backend.
[Physics::Module] Id: 0xdecafbad
Library Redirect Path: Library/
[Physics::Module] Selected backend.
[Physics::Module] Name: PhysX
[Physics::Module] Id: 0xf2b8ea05
[Physics::Module] SDK Version: 4.1.2
[Physics::Module] Integration Version: 1.0.0
[Physics::Module] Threading Mode: Multi-Threaded
Refreshing native plugins compatible for Editor in 7.39 ms, found 4 plugins.
Preloading 0 native plugins for Editor in 0.00 ms.
Initialize engine version: 6000.3.15f1 (c1aa84e375f6)
[Subsystems] Discovering subsystems at path C:/Program Files/Unity/Hub/Editor/6000.3.15f1/Editor/Data/Resources/UnitySubsystems
[Subsystems] Discovering subsystems at path C:/Users/nwond/OneDrive/바탕 화면/Pocket-Racer/Program/Assets
GfxDevice: creating device client; kGfxThreadingModeNonThreaded
Direct3D:
    Version:  Direct3D 11.0 [level 11.1]
    Renderer: NVIDIA GeForce RTX 3060 (ID=0x2544)
    Vendor:   NVIDIA
    VRAM:     8036 MB
    Driver:   32.0.16.1088
Initialize mono
Mono path[0] = 'C:/Program Files/Unity/Hub/Editor/6000.3.15f1/Editor/Data/Managed'
Mono path[1] = 'C:/Program Files/Unity/Hub/Editor/6000.3.15f1/Editor/Data/MonoBleedingEdge/lib/mono/unityjit-win32'
Mono config path = 'C:/Program Files/Unity/Hub/Editor/6000.3.15f1/Editor/Data/MonoBleedingEdge/etc'
Using monoOptions --debugger-agent=transport=dt_socket,embedding=1,server=y,suspend=n,address=127.0.0.1:56024
Begin MonoManager ReloadAssembly
Registering precompiled unity dll's ...
Register platform support module: C:/Program Files/Unity/Hub/Editor/6000.3.15f1/Editor/Data/PlaybackEngines/WindowsStandaloneSupport/UnityEditor.WindowsStandalone.Extensions.dll
Registered in 0.003791 seconds.
- Loaded All Assemblies, in  0.557 seconds
Native extension for WindowsStandalone target not found
Package Manager log level set to [2]
[Package Manager] Failed to launch server process. Reason: Unity was launched with the -noUpm command-line argument
[Package Manager] Unable to send message (not connected to server process).
[Package Manager] Cannot connect to Unity Package Manager local server
ScheduleIndexationOnStartup MainProcess:False IndexOnStartup:True
Mono: successfully reloaded assembly
- Finished resetting the current domain, in  0.442 seconds
Domain Reload Profiling: 993ms
	BeginReloadAssembly (195ms)
		ExecutionOrderSort (0ms)
		DisableScriptedObjects (0ms)
		BackupInstance (0ms)
		ReleaseScriptingObjects (0ms)
		CreateAndSetChildDomain (1ms)
	RebuildCommonClasses (51ms)
	RebuildNativeTypeToScriptingClass (16ms)
	initialDomainReloadingComplete (65ms)
	LoadAllAssembliesAndSetupDomain (223ms)
		LoadAssemblies (188ms)
		RebuildTransferFunctionScriptingTraits (0ms)
		AnalyzeDomain (220ms)
			TypeCache.Refresh (218ms)
				TypeCache.ScanAssembly (201ms)
			BuildScriptInfoCaches (0ms)
			ResolveRequiredComponents (1ms)
	FinalizeReload (443ms)
		ReleaseScriptCaches (0ms)
		RebuildScriptCaches (0ms)
		SetupLoadedEditorAssemblies (404ms)
			LogAssemblyErrors (0ms)
			InitializePlatformSupportModulesInManaged (54ms)
			SetLoadedEditorAssemblies (4ms)
			BeforeProcessingInitializeOnLoad (97ms)
			ProcessInitializeOnLoadAttributes (157ms)
			ProcessInitializeOnLoadMethodAttributes (93ms)
			AfterProcessingInitializeOnLoad (0ms)
			EditorAssembliesLoaded (0ms)
		ExecutionOrderSort2 (0ms)
		AwakeInstancesAfterBackupRestoration (0ms)
[Licensing::Client] Error: HandshakeResponse reported an error:
	ResponseCode: 505
	ResponseStatus: Unsupported protocol version '1.18.1'.
[Licensing::Module] Error: Failed to handshake to channel: "LicenseClient-nwond"
[Licensing::IpcConnector] LicenseClient-nwond channel disconnected successfully.
[Licensing::IpcConnector] Successfully connected to: "LicenseClient-nwond-6000.3.15" at "2026-07-31T03:56:44.2670202Z"
[Licensing::Client] Code 10 while verifying Licensing Client signature (process Id: 20416, path: "C:/Program Files/Unity/Hub/Editor/6000.3.15f1/Editor/Data/Resources/Licensing/Client/Unity.Licensing.Client.exe")
[Licensing::Module] LicensingClient has failed validation; ignoring
[Licensing::Client] Handshaking with LicensingClient:
  Version:                 1.18.1+9fbee8e
  Session Id:              3e0544bba7484ecfb5392179202bab61
  Correlation Id:          9e958e7662c8074032b1db439d3262be
  External correlation Id: 7779689733363310701
  Machine Id:              vzHBHqQzprq0ab1zjqc1s15jH+s=
[Licensing::Module] Successfully connected to LicensingClient on channel: "LicenseClient-nwond-6000.3.15" (connect: 0.00s, validation: 0.00s, handshake: 0.01s)
[Licensing::IpcConnector] Successfully connected to: "LicenseClient-nwond-6000.3.15-notifications" at "2026-07-31T03:56:44.2784979Z"
[Licensing::Module] Licensing Background thread has ended after 2.08s
========================================================================
Worker process is ready to serve import requests
Import Worker Mode flag is 0x00
Begin MonoManager ReloadAssembly
[Licensing::Client] Successfully resolved entitlement details
[Licensing::Module] License group:
  Id: 14569174559127-UnityPersXXXX
  Product: Unity Personal
  Type: Assigned
  Expiration: Unlimited
- Loaded All Assemblies, in  1.169 seconds
Refreshing native plugins compatible for Editor in 2.57 ms, found 4 plugins.
Native extension for WindowsStandalone target not found
[Package Manager] Failed to launch server process. Reason: Unity was launched with the -noUpm command-line argument
[Package Manager] Unable to send message (not connected to server process).
[Package Manager] Cannot connect to Unity Package Manager local server
Refreshing native plugins compatible for Editor in 3.22 ms, found 4 plugins.
[Package Manager] Failed to launch server process. Reason: Unity was launched with the -noUpm command-line argument
[Package Manager] Unable to send message (not connected to server process).
[Package Manager] Cannot connect to Unity Package Manager local server
ScheduleIndexationOnStartup MainProcess:False IndexOnStartup:True
Mono: successfully reloaded assembly
- Finished resetting the current domain, in  1.388 seconds
Domain Reload Profiling: 2547ms
	BeginReloadAssembly (224ms)
		ExecutionOrderSort (0ms)
		DisableScriptedObjects (6ms)
		BackupInstance (0ms)
		ReleaseScriptingObjects (0ms)
		CreateAndSetChildDomain (28ms)
	RebuildCommonClasses (47ms)
	RebuildNativeTypeToScriptingClass (15ms)
	initialDomainReloadingComplete (54ms)
	LoadAllAssembliesAndSetupDomain (818ms)
		LoadAssemblies (593ms)
		RebuildTransferFunctionScriptingTraits (0ms)
		AnalyzeDomain (363ms)
			TypeCache.Refresh (261ms)
				TypeCache.ScanAssembly (238ms)
			BuildScriptInfoCaches (84ms)
			ResolveRequiredComponents (12ms)
	FinalizeReload (1389ms)
		ReleaseScriptCaches (0ms)
		RebuildScriptCaches (0ms)
		SetupLoadedEditorAssemblies (1144ms)
			LogAssemblyErrors (0ms)
			InitializePlatformSupportModulesInManaged (2ms)
			SetLoadedEditorAssemblies (4ms)
			BeforeProcessingInitializeOnLoad (190ms)
			ProcessInitializeOnLoadAttributes (865ms)
			ProcessInitializeOnLoadMethodAttributes (72ms)
			AfterProcessingInitializeOnLoad (10ms)
			EditorAssembliesLoaded (0ms)
		ExecutionOrderSort2 (0ms)
		AwakeInstancesAfterBackupRestoration (14ms)
Launched and connected shader compiler UnityShaderCompiler.exe after 0.02 seconds
Refreshing native plugins compatible for Editor in 3.78 ms, found 4 plugins.
Preloading 0 native plugins for Editor in 0.00 ms.
Unloading 16 Unused Serialized files (Serialized files now loaded: 0)
Unloading 6805 unused Assets / (5.2 MB). Loaded Objects now: 7607.
Memory consumption went from 156.6 MB to 151.4 MB.
Total: 14.812900 ms (FindLiveObjects: 1.630000 ms CreateObjectMapping: 1.010000 ms MarkObjects: 7.810900 ms  DeleteObjects: 4.359800 ms)

========================================================================
Received Import Request.
  Time since last request: 169907.961229 seconds.
  path: Assets/Scenes/Game.unity
  artifactKey: Guid(99c9720ab356a0642a771bea13969a05) Importer(815301076,1909f56bfc062723c751e8b465ee728b)
Start importing Assets/Scenes/Game.unity using Guid(99c9720ab356a0642a771bea13969a05) Importer(815301076,1909f56bfc062723c751e8b465ee728b) (PreviewImporter) -> (artifact id: '8244a903affdadd5df637a43c90713b6') in 0.0070141 seconds
Number of updated asset objects reloaded before import = 0Number of asset objects unloaded after import = 0

========================================================================
Received Import Request.
  Time since last request: 29.127002 seconds.
  path: Assets/Toon Racer Starter Track Kit/Prefabs/Tracks/Track01.prefab
  artifactKey: Guid(a40b4b7ca208e87468a6587ee6043da7) Importer(815301076,1909f56bfc062723c751e8b465ee728b)
Start importing Assets/Toon Racer Starter Track Kit/Prefabs/Tracks/Track01.prefab using Guid(a40b4b7ca208e87468a6587ee6043da7) Importer(815301076,1909f56bfc062723c751e8b465ee728b) (PreviewImporter) -> (artifact id: 'ae6d1d88eb2f6232859c7fb0ad08c87e') in 0.6357658 seconds
Number of updated asset objects reloaded before import = 0Number of asset objects unloaded after import = 37

========================================================================
Received Import Request.
  Time since last request: 1.957410 seconds.
  path: Assets/Toon Racer Starter Track Kit/Textures/Road
  artifactKey: Guid(7885733c592d5674da140c6fd44a52f3) Importer(815301076,1909f56bfc062723c751e8b465ee728b)
Start importing Assets/Toon Racer Starter Track Kit/Textures/Road using Guid(7885733c592d5674da140c6fd44a52f3) Importer(815301076,1909f56bfc062723c751e8b465ee728b) (PreviewImporter) -> (artifact id: 'b72c61d564a6cb4fd1aaae74b81e4f89') in 0.0008861 seconds
Number of updated asset objects reloaded before import = 0Number of asset objects unloaded after import = 0

========================================================================
Received Import Request.
  Time since last request: 0.671664 seconds.
  path: Assets/Toon Racer Starter Track Kit/Textures/PlaneGround
  artifactKey: Guid(a71231c2392127040aaa115520454d27) Importer(815301076,1909f56bfc062723c751e8b465ee728b)
Start importing Assets/Toon Racer Starter Track Kit/Textures/PlaneGround using Guid(a71231c2392127040aaa115520454d27) Importer(815301076,1909f56bfc062723c751e8b465ee728b) (PreviewImporter) -> (artifact id: '40bf0f2c84ebc304ec7f5060d8fa8f76') in 0.0012713 seconds
Number of updated asset objects reloaded before import = 0Number of asset objects unloaded after import = 0

========================================================================
Received Import Request.
  Time since last request: 0.009418 seconds.
  path: Assets/Toon Racer Starter Track Kit/Textures/PlaneGround/T_PlaneGround_Albedo.png
  artifactKey: Guid(7448f49fd3e1af143b23b5c7023cbbce) Importer(815301076,1909f56bfc062723c751e8b465ee728b)
Start importing Assets/Toon Racer Starter Track Kit/Textures/PlaneGround/T_PlaneGround_Albedo.png using Guid(7448f49fd3e1af143b23b5c7023cbbce) Importer(815301076,1909f56bfc062723c751e8b465ee728b) (PreviewImporter) -> (artifact id: '28565d15a6a5e09e140e7cf143bea38d') in 0.0321983 seconds
Number of updated asset objects reloaded before import = 0Number of asset objects unloaded after import = 2

========================================================================
Received Import Request.
  Time since last request: 4.133752 seconds.
  path: Assets/Toon Racer Starter Track Kit/Textures/Car/Car__Albedo.png
  artifactKey: Guid(344f99cb29fcb754b8bac0c3cc66a646) Importer(815301076,1909f56bfc062723c751e8b465ee728b)
Start importing Assets/Toon Racer Starter Track Kit/Textures/Car/Car__Albedo.png using Guid(344f99cb29fcb754b8bac0c3cc66a646) Importer(815301076,1909f56bfc062723c751e8b465ee728b) (PreviewImporter) -> (artifact id: 'fe34903c03e9fc772becf929d5feabb5') in 0.0432868 seconds
Number of updated asset objects reloaded before import = 0Number of asset objects unloaded after import = 2

========================================================================
Received Import Request.
  Time since last request: 0.446337 seconds.
  path: Assets/Toon Racer Starter Track Kit/Textures/Barrier/Barrier_Albedo.png
  artifactKey: Guid(6af65276383e6ed448765548ac821709) Importer(815301076,1909f56bfc062723c751e8b465ee728b)
Start importing Assets/Toon Racer Starter Track Kit/Textures/Barrier/Barrier_Albedo.png using Guid(6af65276383e6ed448765548ac821709) Importer(815301076,1909f56bfc062723c751e8b465ee728b) (PreviewImporter) -> (artifact id: '08437f36ae5d5d43d1baaf4da4a456db') in 0.0446715 seconds
Number of updated asset objects reloaded before import = 0Number of asset objects unloaded after import = 2

========================================================================
Received Import Request.
  Time since last request: 0.920053 seconds.
  path: Assets/Toon Racer Starter Track Kit/Textures/Road/Road_Albedo.png
  artifactKey: Guid(84d8d7adea4af3e49b518bc295f53249) Importer(815301076,1909f56bfc062723c751e8b465ee728b)
Start importing Assets/Toon Racer Starter Track Kit/Textures/Road/Road_Albedo.png using Guid(84d8d7adea4af3e49b518bc295f53249) Importer(815301076,1909f56bfc062723c751e8b465ee728b) (PreviewImporter) -> (artifact id: '2704344ad6a2703bb26b63bc4ebcc938') in 0.0237223 seconds
Number of updated asset objects reloaded before import = 0Number of asset objects unloaded after import = 2

========================================================================
Received Import Request.
  Time since last request: 8.780326 seconds.
  path: Assets/Toon Racer Starter Track Kit/Prefabs/Ground.prefab
  artifactKey: Guid(06708a03200068e43b170ac12c935c11) Importer(815301076,1909f56bfc062723c751e8b465ee728b)
Start importing Assets/Toon Racer Starter Track Kit/Prefabs/Ground.prefab using Guid(06708a03200068e43b170ac12c935c11) Importer(815301076,1909f56bfc062723c751e8b465ee728b) (PreviewImporter) -> (artifact id: 'ade9ea546be786084d677a1a1da31c8b') in 0.0020723 seconds
Number of updated asset objects reloaded before import = 0Number of asset objects unloaded after import = 6

========================================================================
Received Import Request.
  Time since last request: 37.834044 seconds.
  path: Assets/Toon Racer Starter Track Kit/Prefabs/Tracks/Track01.prefab
  artifactKey: Guid(a40b4b7ca208e87468a6587ee6043da7) Importer(815301076,1909f56bfc062723c751e8b465ee728b)
Start importing Assets/Toon Racer Starter Track Kit/Prefabs/Tracks/Track01.prefab using Guid(a40b4b7ca208e87468a6587ee6043da7) Importer(815301076,1909f56bfc062723c751e8b465ee728b) (PreviewImporter) -> (artifact id: '82592d840e002996f366e0cd040fb818') in 0.1304429 seconds
Number of updated asset objects reloaded before import = 0Number of asset objects unloaded after import = 37

========================================================================
Received Import Request.
  Time since last request: 0.784432 seconds.
  path: Assets/Toon Racer Starter Track Kit/Prefabs/Tracks/Track01.prefab
  artifactKey: Guid(a40b4b7ca208e87468a6587ee6043da7) Importer(2089858483,b0f066a214c2f5e87bad3c948f4d605d)
Start importing Assets/Toon Racer Starter Track Kit/Prefabs/Tracks/Track01.prefab using Guid(a40b4b7ca208e87468a6587ee6043da7) Importer(2089858483,b0f066a214c2f5e87bad3c948f4d605d) (ScriptedImporter) -> (artifact id: 'c527105d6d9e17f1e53e6958e9d0e40e') in 0.0865907 seconds
Number of updated asset objects reloaded before import = 0Number of asset objects unloaded after import = 18

========================================================================
Received Import Request.
  Time since last request: 2.061562 seconds.
  path: Assets/Toon Racer Starter Track Kit/Prefabs/Tracks/Track01.prefab
  artifactKey: Guid(a40b4b7ca208e87468a6587ee6043da7) Importer(815301076,1909f56bfc062723c751e8b465ee728b)
Start importing Assets/Toon Racer Starter Track Kit/Prefabs/Tracks/Track01.prefab using Guid(a40b4b7ca208e87468a6587ee6043da7) Importer(815301076,1909f56bfc062723c751e8b465ee728b) (PreviewImporter) -> (artifact id: '44e49743259a15c8a23c4e7dc5201358') in 0.0292788 seconds
Number of updated asset objects reloaded before import = 0Number of asset objects unloaded after import = 37

========================================================================
Received Import Request.
  Time since last request: 0.890391 seconds.
  path: Assets/Toon Racer Starter Track Kit/Prefabs/Tracks/Track01.prefab
  artifactKey: Guid(a40b4b7ca208e87468a6587ee6043da7) Importer(2089858483,b0f066a214c2f5e87bad3c948f4d605d)
Start importing Assets/Toon Racer Starter Track Kit/Prefabs/Tracks/Track01.prefab using Guid(a40b4b7ca208e87468a6587ee6043da7) Importer(2089858483,b0f066a214c2f5e87bad3c948f4d605d) (ScriptedImporter) -> (artifact id: '6b6acb4094d27bca0eabac4da8873d75') in 0.0266032 seconds
Number of updated asset objects reloaded before import = 0Number of asset objects unloaded after import = 18

========================================================================
Received Import Request.
  Time since last request: 1.258620 seconds.
  path: Assets/Toon Racer Starter Track Kit/Prefabs/Tracks/Track02.prefab
  artifactKey: Guid(2660826ff0126084eb563b4cbf9db72f) Importer(815301076,1909f56bfc062723c751e8b465ee728b)
Start importing Assets/Toon Racer Starter Track Kit/Prefabs/Tracks/Track02.prefab using Guid(2660826ff0126084eb563b4cbf9db72f) Importer(815301076,1909f56bfc062723c751e8b465ee728b) (PreviewImporter) -> (artifact id: '655fc9591fed1b557ff022d46493b2bd') in 0.1575211 seconds
Number of updated asset objects reloaded before import = 0Number of asset objects unloaded after import = 37

========================================================================
Received Import Request.
  Time since last request: 0.761031 seconds.
  path: Assets/Toon Racer Starter Track Kit/Prefabs/Tracks/Track02.prefab
  artifactKey: Guid(2660826ff0126084eb563b4cbf9db72f) Importer(2089858483,b0f066a214c2f5e87bad3c948f4d605d)
Start importing Assets/Toon Racer Starter Track Kit/Prefabs/Tracks/Track02.prefab using Guid(2660826ff0126084eb563b4cbf9db72f) Importer(2089858483,b0f066a214c2f5e87bad3c948f4d605d) (ScriptedImporter) -> (artifact id: '81f60108f85864b2dd86dd4306174b6a') in 0.0156931 seconds
Number of updated asset objects reloaded before import = 0Number of asset objects unloaded after import = 18

========================================================================
Received Import Request.
  Time since last request: 0.339796 seconds.
  path: Assets/Toon Racer Starter Track Kit/Prefabs/Tracks/Track02.prefab
  artifactKey: Guid(2660826ff0126084eb563b4cbf9db72f) Importer(815301076,1909f56bfc062723c751e8b465ee728b)
Start importing Assets/Toon Racer Starter Track Kit/Prefabs/Tracks/Track02.prefab using Guid(2660826ff0126084eb563b4cbf9db72f) Importer(815301076,1909f56bfc062723c751e8b465ee728b) (PreviewImporter) -> (artifact id: '42d95290f07ca73dbce0d676a82de9a1') in 0.02449 seconds
Number of updated asset objects reloaded before import = 0Number of asset objects unloaded after import = 37

========================================================================
Received Import Request.
  Time since last request: 2.360619 seconds.
  path: Assets/Toon Racer Starter Track Kit/Prefabs/Tracks/Track03.prefab
  artifactKey: Guid(4f1fcc83c159a5c40bcaef762f5eb3ba) Importer(815301076,1909f56bfc062723c751e8b465ee728b)
Start importing Assets/Toon Racer Starter Track Kit/Prefabs/Tracks/Track03.prefab using Guid(4f1fcc83c159a5c40bcaef762f5eb3ba) Importer(815301076,1909f56bfc062723c751e8b465ee728b) (PreviewImporter) -> (artifact id: '55a0c6f21468f3f9e86a9201f2bd8c01') in 0.0333801 seconds
Number of updated asset objects reloaded before import = 0Number of asset objects unloaded after import = 37

========================================================================
Received Import Request.
  Time since last request: 2.486974 seconds.
  path: Assets/Toon Racer Starter Track Kit/Prefabs/Tracks/Track03.prefab
  artifactKey: Guid(4f1fcc83c159a5c40bcaef762f5eb3ba) Importer(815301076,1909f56bfc062723c751e8b465ee728b)
Start importing Assets/Toon Racer Starter Track Kit/Prefabs/Tracks/Track03.prefab using Guid(4f1fcc83c159a5c40bcaef762f5eb3ba) Importer(815301076,1909f56bfc062723c751e8b465ee728b) (PreviewImporter) -> (artifact id: '530d3a86b5f7e88906373d5a59c11ecb') in 0.0783962 seconds
Number of updated asset objects reloaded before import = 0Number of asset objects unloaded after import = 37

========================================================================
Received Import Request.
  Time since last request: 2.113176 seconds.
  path: Assets/Toon Racer Starter Track Kit/Prefabs/Tracks/Track04.prefab
  artifactKey: Guid(8d541105556edd143a5620ecab0d2219) Importer(815301076,1909f56bfc062723c751e8b465ee728b)
Start importing Assets/Toon Racer Starter Track Kit/Prefabs/Tracks/Track04.prefab using Guid(8d541105556edd143a5620ecab0d2219) Importer(815301076,1909f56bfc062723c751e8b465ee728b) (PreviewImporter) -> (artifact id: '1c6f46571840866e7c16446dfd21e66d') in 0.0252596 seconds
Number of updated asset objects reloaded before import = 0Number of asset objects unloaded after import = 37

========================================================================
Received Import Request.
  Time since last request: 0.892643 seconds.
  path: Assets/Toon Racer Starter Track Kit/Prefabs/Tracks/Track04.prefab
  artifactKey: Guid(8d541105556edd143a5620ecab0d2219) Importer(815301076,1909f56bfc062723c751e8b465ee728b)
Start importing Assets/Toon Racer Starter Track Kit/Prefabs/Tracks/Track04.prefab using Guid(8d541105556edd143a5620ecab0d2219) Importer(815301076,1909f56bfc062723c751e8b465ee728b) (PreviewImporter) -> (artifact id: '20642d453180bc3f76ccd22299c47410') in 0.0296799 seconds
Number of updated asset objects reloaded before import = 0Number of asset objects unloaded after import = 37

========================================================================
Received Import Request.
  Time since last request: 1.258556 seconds.
  path: Assets/Toon Racer Starter Track Kit/Prefabs/Tracks/Track02.prefab
  artifactKey: Guid(2660826ff0126084eb563b4cbf9db72f) Importer(2089858483,b0f066a214c2f5e87bad3c948f4d605d)
Start importing Assets/Toon Racer Starter Track Kit/Prefabs/Tracks/Track02.prefab using Guid(2660826ff0126084eb563b4cbf9db72f) Importer(2089858483,b0f066a214c2f5e87bad3c948f4d605d) (ScriptedImporter) -> (artifact id: 'a84a9ba022f5a83bc04eeec5d6a995ab') in 0.0187598 seconds
Number of updated asset objects reloaded before import = 0Number of asset objects unloaded after import = 18

========================================================================
Received Import Request.
  Time since last request: 0.517598 seconds.
  path: Assets/Toon Racer Starter Track Kit/Prefabs/Tracks/Track04.prefab
  artifactKey: Guid(8d541105556edd143a5620ecab0d2219) Importer(2089858483,b0f066a214c2f5e87bad3c948f4d605d)
Start importing Assets/Toon Racer Starter Track Kit/Prefabs/Tracks/Track04.prefab using Guid(8d541105556edd143a5620ecab0d2219) Importer(2089858483,b0f066a214c2f5e87bad3c948f4d605d) (ScriptedImporter) -> (artifact id: 'f94252ed79154ba8a1c4de5013783ace') in 0.0191573 seconds
Number of updated asset objects reloaded before import = 0Number of asset objects unloaded after import = 18

========================================================================
Received Import Request.
  Time since last request: 0.595346 seconds.
  path: Assets/Toon Racer Starter Track Kit/Prefabs/Tracks/Track05.prefab
  artifactKey: Guid(80270212036254f42a90b61206399e8c) Importer(815301076,1909f56bfc062723c751e8b465ee728b)
Start importing Assets/Toon Racer Starter Track Kit/Prefabs/Tracks/Track05.prefab using Guid(80270212036254f42a90b61206399e8c) Importer(815301076,1909f56bfc062723c751e8b465ee728b) (PreviewImporter) -> (artifact id: '340abb63e8029638232d4a73b1dc29b3') in 0.0954663 seconds
Number of updated asset objects reloaded before import = 0Number of asset objects unloaded after import = 37

========================================================================
Received Import Request.
  Time since last request: 0.611230 seconds.
  path: Assets/Toon Racer Starter Track Kit/Prefabs/Tracks/Track05.prefab
  artifactKey: Guid(80270212036254f42a90b61206399e8c) Importer(815301076,1909f56bfc062723c751e8b465ee728b)
Start importing Assets/Toon Racer Starter Track Kit/Prefabs/Tracks/Track05.prefab using Guid(80270212036254f42a90b61206399e8c) Importer(815301076,1909f56bfc062723c751e8b465ee728b) (PreviewImporter) -> (artifact id: '1608a55d46c9133ac0b0764cc3ad7a37') in 0.0306849 seconds
Number of updated asset objects reloaded before import = 0Number of asset objects unloaded after import = 37

========================================================================
Received Import Request.
  Time since last request: 0.879762 seconds.
  path: Assets/Toon Racer Starter Track Kit/Prefabs/Tracks/Track05.prefab
  artifactKey: Guid(80270212036254f42a90b61206399e8c) Importer(2089858483,b0f066a214c2f5e87bad3c948f4d605d)
Start importing Assets/Toon Racer Starter Track Kit/Prefabs/Tracks/Track05.prefab using Guid(80270212036254f42a90b61206399e8c) Importer(2089858483,b0f066a214c2f5e87bad3c948f4d605d) (ScriptedImporter) -> (artifact id: 'e4620f51feb3b4aeb8b2be8b2dde198d') in 0.0161452 seconds
Number of updated asset objects reloaded before import = 0Number of asset objects unloaded after import = 18

========================================================================
Received Import Request.
  Time since last request: 1466.168279 seconds.
  path: Assets/Resources/Character 1.prefab
  artifactKey: Guid(ede033b8c950bb84ca3143b645a32ac0) Importer(815301076,1909f56bfc062723c751e8b465ee728b)
Start importing Assets/Resources/Character 1.prefab using Guid(ede033b8c950bb84ca3143b645a32ac0) Importer(815301076,1909f56bfc062723c751e8b465ee728b) (PreviewImporter) -> (artifact id: 'ed4eb997658c22825be40303690ec365') in 0.0365232 seconds
Number of updated asset objects reloaded before import = 0Number of asset objects unloaded after import = 68

========================================================================
Received Import Request.
  Time since last request: 0.832902 seconds.
  path: Assets/Resources/Character 1.prefab
  artifactKey: Guid(ede033b8c950bb84ca3143b645a32ac0) Importer(2089858483,b0f066a214c2f5e87bad3c948f4d605d)
Start importing Assets/Resources/Character 1.prefab using Guid(ede033b8c950bb84ca3143b645a32ac0) Importer(2089858483,b0f066a214c2f5e87bad3c948f4d605d) (ScriptedImporter) -> (artifact id: '57a58d7c3051aa41ba6dc95eee4b398b') in 0.0470723 seconds
Number of updated asset objects reloaded before import = 0Number of asset objects unloaded after import = 40

========================================================================
Received Import Request.
  Time since last request: 0.441557 seconds.
  path: Assets/Resources/Character 1.prefab
  artifactKey: Guid(ede033b8c950bb84ca3143b645a32ac0) Importer(815301076,1909f56bfc062723c751e8b465ee728b)
Start importing Assets/Resources/Character 1.prefab using Guid(ede033b8c950bb84ca3143b645a32ac0) Importer(815301076,1909f56bfc062723c751e8b465ee728b) (PreviewImporter) -> (artifact id: 'b9a8e1e2a8f041ed17710f162f19c63f') in 0.0337965 seconds
Number of updated asset objects reloaded before import = 0Number of asset objects unloaded after import = 68

========================================================================
Received Import Request.
  Time since last request: 9.534186 seconds.
  path: Assets/Resources/Character 1.prefab
  artifactKey: Guid(ede033b8c950bb84ca3143b645a32ac0) Importer(2089858483,b0f066a214c2f5e87bad3c948f4d605d)
Start importing Assets/Resources/Character 1.prefab using Guid(ede033b8c950bb84ca3143b645a32ac0) Importer(2089858483,b0f066a214c2f5e87bad3c948f4d605d) (ScriptedImporter) -> (artifact id: '247a88fabaffe262a4172518f11d5866') in 0.0160468 seconds
Number of updated asset objects reloaded before import = 0Number of asset objects unloaded after import = 40

========================================================================
Received Import Request.
  Time since last request: 3.363228 seconds.
  path: Assets/Resources/Character 1.prefab
  artifactKey: Guid(ede033b8c950bb84ca3143b645a32ac0) Importer(815301076,1909f56bfc062723c751e8b465ee728b)
Start importing Assets/Resources/Character 1.prefab using Guid(ede033b8c950bb84ca3143b645a32ac0) Importer(815301076,1909f56bfc062723c751e8b465ee728b) (PreviewImporter) -> (artifact id: 'b627a75cf83c9a3d257c3eb02235b427') in 0.0650883 seconds
Number of updated asset objects reloaded before import = 0Number of asset objects unloaded after import = 69

========================================================================
Received Import Request.
  Time since last request: 0.852539 seconds.
  path: Assets/Resources/Character 1.prefab
  artifactKey: Guid(ede033b8c950bb84ca3143b645a32ac0) Importer(2089858483,b0f066a214c2f5e87bad3c948f4d605d)
Start importing Assets/Resources/Character 1.prefab using Guid(ede033b8c950bb84ca3143b645a32ac0) Importer(2089858483,b0f066a214c2f5e87bad3c948f4d605d) (ScriptedImporter) -> (artifact id: '4586ec19da07edee6ccc347a8dae32aa') in 0.0206643 seconds
Number of updated asset objects reloaded before import = 0Number of asset objects unloaded after import = 41

========================================================================
Received Import Request.
  Time since last request: 10.243050 seconds.
  path: Assets/Resources/Character 1.prefab
  artifactKey: Guid(ede033b8c950bb84ca3143b645a32ac0) Importer(815301076,1909f56bfc062723c751e8b465ee728b)
Start importing Assets/Resources/Character 1.prefab using Guid(ede033b8c950bb84ca3143b645a32ac0) Importer(815301076,1909f56bfc062723c751e8b465ee728b) (PreviewImporter) -> (artifact id: '72e179ea0cb91767e5566654afdb1051') in 0.0296998 seconds
Number of updated asset objects reloaded before import = 0Number of asset objects unloaded after import = 69

========================================================================
Received Import Request.
  Time since last request: 0.891151 seconds.
  path: Assets/Resources/Character 1.prefab
  artifactKey: Guid(ede033b8c950bb84ca3143b645a32ac0) Importer(2089858483,b0f066a214c2f5e87bad3c948f4d605d)
Start importing Assets/Resources/Character 1.prefab using Guid(ede033b8c950bb84ca3143b645a32ac0) Importer(2089858483,b0f066a214c2f5e87bad3c948f4d605d) (ScriptedImporter) -> (artifact id: '8c1e4b0ed9ce5e349e15eaa64811dd5c') in 0.0161314 seconds
Number of updated asset objects reloaded before import = 0Number of asset objects unloaded after import = 41

========================================================================
Received Import Request.
  Time since last request: 13.972976 seconds.
  path: Assets/Resources/Character 1.prefab
  artifactKey: Guid(ede033b8c950bb84ca3143b645a32ac0) Importer(815301076,1909f56bfc062723c751e8b465ee728b)
Start importing Assets/Resources/Character 1.prefab using Guid(ede033b8c950bb84ca3143b645a32ac0) Importer(815301076,1909f56bfc062723c751e8b465ee728b) (PreviewImporter) -> (artifact id: '8daea51d90cb164961dd898c4a930166') in 0.0614105 seconds
Number of updated asset objects reloaded before import = 0Number of asset objects unloaded after import = 70

========================================================================
Received Import Request.
  Time since last request: 3.908405 seconds.
  path: Assets/Resources/Character 1.prefab
  artifactKey: Guid(ede033b8c950bb84ca3143b645a32ac0) Importer(2089858483,b0f066a214c2f5e87bad3c948f4d605d)
Start importing Assets/Resources/Character 1.prefab using Guid(ede033b8c950bb84ca3143b645a32ac0) Importer(2089858483,b0f066a214c2f5e87bad3c948f4d605d) (ScriptedImporter) -> (artifact id: '00000000000000000000000000000000') in 0.0078389 seconds
Import Error Code:(4)
Message: Build asset version error: assets/resources/character 1.prefab in SourceAssetDB has modification time of '2026-07-31T04:23:39.7698794Z' while content on disk has modification time of '2026-07-31T04:23:43.8969532Z'
  ERROR: Build asset version error: assets/resources/character 1.prefab in SourceAssetDB has modification time of '2026-07-31T04:23:39.7698794Z' while content on disk has modification time of '2026-07-31T04:23:43.8969532Z'
Number of updated asset objects reloaded before import = 0Number of asset objects unloaded after import = 5

========================================================================
Received Import Request.
  Time since last request: 0.026734 seconds.
  path: Assets/Resources/Character 1.prefab
  artifactKey: Guid(ede033b8c950bb84ca3143b645a32ac0) Importer(815301076,1909f56bfc062723c751e8b465ee728b)
Start importing Assets/Resources/Character 1.prefab using Guid(ede033b8c950bb84ca3143b645a32ac0) Importer(815301076,1909f56bfc062723c751e8b465ee728b) (PreviewImporter) -> (artifact id: 'bc06fe67a7fae987d5e66b4fd161959a') in 0.023056 seconds
Number of updated asset objects reloaded before import = 0Number of asset objects unloaded after import = 70

========================================================================
Received Import Request.
  Time since last request: 4.847218 seconds.
  path: Assets/Resources/Character 1.prefab
  artifactKey: Guid(ede033b8c950bb84ca3143b645a32ac0) Importer(815301076,1909f56bfc062723c751e8b465ee728b)
Start importing Assets/Resources/Character 1.prefab using Guid(ede033b8c950bb84ca3143b645a32ac0) Importer(815301076,1909f56bfc062723c751e8b465ee728b) (PreviewImporter) -> (artifact id: 'e664e017e625a62ee455fd8122f7b6b2') in 0.0669038 seconds
Number of updated asset objects reloaded before import = 0Number of asset objects unloaded after import = 69

========================================================================
Received Import Request.
  Time since last request: 5.284960 seconds.
  path: Assets/Resources/Character 1.prefab
  artifactKey: Guid(ede033b8c950bb84ca3143b645a32ac0) Importer(2089858483,b0f066a214c2f5e87bad3c948f4d605d)
Start importing Assets/Resources/Character 1.prefab using Guid(ede033b8c950bb84ca3143b645a32ac0) Importer(2089858483,b0f066a214c2f5e87bad3c948f4d605d) (ScriptedImporter) -> (artifact id: 'a4014d0c21c9867aaf1e9ea9e2721c01') in 0.0164057 seconds
Number of updated asset objects reloaded before import = 0Number of asset objects unloaded after import = 41

========================================================================
Received Import Request.
  Time since last request: 21.757760 seconds.
  path: Assets/Resources/Character 1.prefab
  artifactKey: Guid(ede033b8c950bb84ca3143b645a32ac0) Importer(815301076,1909f56bfc062723c751e8b465ee728b)
Start importing Assets/Resources/Character 1.prefab using Guid(ede033b8c950bb84ca3143b645a32ac0) Importer(815301076,1909f56bfc062723c751e8b465ee728b) (PreviewImporter) -> (artifact id: '445c02c89892231c3699962b3b3cd951') in 0.0237336 seconds
Number of updated asset objects reloaded before import = 0Number of asset objects unloaded after import = 69

========================================================================
Received Import Request.
  Time since last request: 4.957207 seconds.
  path: Assets/Resources/Character 1.prefab
  artifactKey: Guid(ede033b8c950bb84ca3143b645a32ac0) Importer(815301076,1909f56bfc062723c751e8b465ee728b)
Start importing Assets/Resources/Character 1.prefab using Guid(ede033b8c950bb84ca3143b645a32ac0) Importer(815301076,1909f56bfc062723c751e8b465ee728b) (PreviewImporter) -> (artifact id: '41239f703daa20cf50940d262da6d8f3') in 0.0233187 seconds
Number of updated asset objects reloaded before import = 0Number of asset objects unloaded after import = 69

========================================================================
Received Import Request.
  Time since last request: 0.897415 seconds.
  path: Assets/Resources/Character 1.prefab
  artifactKey: Guid(ede033b8c950bb84ca3143b645a32ac0) Importer(2089858483,b0f066a214c2f5e87bad3c948f4d605d)
Start importing Assets/Resources/Character 1.prefab using Guid(ede033b8c950bb84ca3143b645a32ac0) Importer(2089858483,b0f066a214c2f5e87bad3c948f4d605d) (ScriptedImporter) -> (artifact id: 'dd149f200a8304a71c50bdfcb9ab0cf2') in 0.0332104 seconds
Number of updated asset objects reloaded before import = 0Number of asset objects unloaded after import = 41

========================================================================
Received Import Request.
  Time since last request: 295.282962 seconds.
  path: Assets/Sprites/Room.png
  artifactKey: Guid(fca6c38579cf01c46acbab2cae261bb0) Importer(815301076,1909f56bfc062723c751e8b465ee728b)
Start importing Assets/Sprites/Room.png using Guid(fca6c38579cf01c46acbab2cae261bb0) Importer(815301076,1909f56bfc062723c751e8b465ee728b) (PreviewImporter) -> (artifact id: '83e3eebf765b86158ea269e34f3050df') in 0.0233523 seconds
Number of updated asset objects reloaded before import = 0Number of asset objects unloaded after import = 2

========================================================================
Received Import Request.
  Time since last request: 0.855194 seconds.
  path: Assets/Sprites/Room.png
  artifactKey: Guid(fca6c38579cf01c46acbab2cae261bb0) Importer(2089858483,b0f066a214c2f5e87bad3c948f4d605d)
Start importing Assets/Sprites/Room.png using Guid(fca6c38579cf01c46acbab2cae261bb0) Importer(2089858483,b0f066a214c2f5e87bad3c948f4d605d) (ScriptedImporter) -> (artifact id: '8ee2ffe30307d450b73bf17cbba56934') in 0.0571659 seconds
Number of updated asset objects reloaded before import = 0Number of asset objects unloaded after import = 1

========================================================================
Received Import Request.
  Time since last request: 3.746659 seconds.
  path: Assets/Sprites/Room.png
  artifactKey: Guid(fca6c38579cf01c46acbab2cae261bb0) Importer(815301076,1909f56bfc062723c751e8b465ee728b)
Start importing Assets/Sprites/Room.png using Guid(fca6c38579cf01c46acbab2cae261bb0) Importer(815301076,1909f56bfc062723c751e8b465ee728b) (PreviewImporter) -> (artifact id: '8de74aa7e5dd2bfc866a347a4ed8a897') in 0.0314843 seconds
Number of updated asset objects reloaded before import = 0Number of asset objects unloaded after import = 3

========================================================================
Received Import Request.
  Time since last request: 0.842823 seconds.
  path: Assets/Sprites/Room.png
  artifactKey: Guid(fca6c38579cf01c46acbab2cae261bb0) Importer(2089858483,b0f066a214c2f5e87bad3c948f4d605d)
Start importing Assets/Sprites/Room.png using Guid(fca6c38579cf01c46acbab2cae261bb0) Importer(2089858483,b0f066a214c2f5e87bad3c948f4d605d) (ScriptedImporter) -> (artifact id: '9dea2bb3b015260ffcf164f3a0b73124') in 0.0210497 seconds
Number of updated asset objects reloaded before import = 0Number of asset objects unloaded after import = 3

========================================================================
Received Import Request.
  Time since last request: 24.051492 seconds.
  path: Assets/Scripts/Data/Data.cs
  artifactKey: Guid(6b19c23a84186474f8a5842e5ef8672c) Importer(815301076,1909f56bfc062723c751e8b465ee728b)
Start importing Assets/Scripts/Data/Data.cs using Guid(6b19c23a84186474f8a5842e5ef8672c) Importer(815301076,1909f56bfc062723c751e8b465ee728b) (PreviewImporter) -> (artifact id: '8b81f18a4ccea4af74657ea15196f4c8') in 0.0008207 seconds
Number of updated asset objects reloaded before import = 0Number of asset objects unloaded after import = 0

========================================================================
Received Import Request.
  Time since last request: 1.823524 seconds.
  path: Assets/Scripts/Data/Panel.cs
  artifactKey: Guid(568af954f43fa7948a9cd7620901a2f1) Importer(815301076,1909f56bfc062723c751e8b465ee728b)
Start importing Assets/Scripts/Data/Panel.cs using Guid(568af954f43fa7948a9cd7620901a2f1) Importer(815301076,1909f56bfc062723c751e8b465ee728b) (PreviewImporter) -> (artifact id: 'a94a84852e4c9733ec6baaa445dfe03c') in 0.0008337 seconds
Number of updated asset objects reloaded before import = 0Number of asset objects unloaded after import = 0

========================================================================
Received Import Request.
  Time since last request: 346.627056 seconds.
  path: Assets/Space Exploration/Button_Images
  artifactKey: Guid(0bc74b35cd1baf94192625742c6f445e) Importer(815301076,1909f56bfc062723c751e8b465ee728b)
Start importing Assets/Space Exploration/Button_Images using Guid(0bc74b35cd1baf94192625742c6f445e) Importer(815301076,1909f56bfc062723c751e8b465ee728b) (PreviewImporter) -> (artifact id: '3d3a56d2ff81a1dc32714b827d4b2218') in 0.0008801 seconds
Number of updated asset objects reloaded before import = 0Number of asset objects unloaded after import = 0

========================================================================
Received Import Request.
  Time since last request: 34.432559 seconds.
  path: Assets/Scenes/Lobby.unity
  artifactKey: Guid(43b311726731ccd4a942456d102ec8eb) Importer(2089858483,b0f066a214c2f5e87bad3c948f4d605d)
Start importing Assets/Scenes/Lobby.unity using Guid(43b311726731ccd4a942456d102ec8eb) Importer(2089858483,b0f066a214c2f5e87bad3c948f4d605d) (ScriptedImporter) -> (artifact id: '70a1d11a47ab748b50b3e59b731ab715') in 0.01844 seconds
Number of updated asset objects reloaded before import = 0Number of asset objects unloaded after import = 1

========================================================================
Received Import Request.
  Time since last request: 49.110865 seconds.
  path: Assets/Free Stylized Sci-Fi Scout Bot/Controler/Controler_01_Scout_Bot.controller
  artifactKey: Guid(4207a382b88fec24db8a17b25758f3e2) Importer(815301076,1909f56bfc062723c751e8b465ee728b)
Start importing Assets/Free Stylized Sci-Fi Scout Bot/Controler/Controler_01_Scout_Bot.controller using Guid(4207a382b88fec24db8a17b25758f3e2) Importer(815301076,1909f56bfc062723c751e8b465ee728b) (PreviewImporter) -> (artifact id: '931f2b4cce3f6b4d7a7fcb296b8a2c68') in 0.0267603 seconds
Number of updated asset objects reloaded before import = 0Number of asset objects unloaded after import = 8

