Built from '6000.3/staging' branch; Version is '6000.3.15f1 (c1aa84e375f6) revision 12692100'; Using compiler version '194234433'; Build Type 'Release'
OS: 'Windows 11  (10.0.26200) Core' Language: 'ko' Physical Memory: 16317 MB
BatchMode: 1, IsHumanControllingUs: 0, StartBugReporterOnCrash: 0, Is64bit: 1
System  architecture: x64
Process architecture: x64
Date: 2026-07-28T04:10:11Z
[Licensing::Module] Trying to connect to existing licensing client channel...
[Licensing::IpcConnector] Successfully connected to: "LicenseClient-nwond" at "2026-07-28T04:10:11.3555925Z"

COMMAND LINE ARGUMENTS:
C:\Program Files\Unity\Hub\Editor\6000.3.15f1\Editor\Unity.exe
-adb2
-batchMode
-noUpm
-name
AssetImportWorker15
-projectPath
C:/Users/nwond/OneDrive/바탕 화면/Pocket-Racer/Program
-logFile
Logs/AssetImportWorker15.log
-srvPort
61214
-licensingIpc
LicenseClient-nwond
-job-worker-count
5
-background-job-worker-count
8
-gc-helper-count
1
-name
AssetImport
Successfully changed project path to: C:/Users/nwond/OneDrive/바탕 화면/Pocket-Racer/Program
C:/Users/nwond/OneDrive/바탕 화면/Pocket-Racer/Program
[UnityMemory] Configuration Parameters - Can be set up in boot.config
    "memorysetup-temp-allocator-size-nav-mesh-worker=65536"
    "memorysetup-temp-allocator-size-audio-worker=65536"
    "memorysetup-temp-allocator-size-gfx=262144"
    "memorysetup-allocator-temp-initial-block-size-main=262144"
    "memorysetup-allocator-temp-initial-block-size-worker=262144"
    "memorysetup-temp-allocator-size-background-worker=32768"
    "memorysetup-temp-allocator-size-job-worker=262144"
    "memorysetup-temp-allocator-size-preload-manager=33554432"
    "memorysetup-temp-allocator-size-gi-baking-worker=262144"
    "memorysetup-temp-allocator-size-gi-baking-worker=262144"
    "memorysetup-temp-allocator-size-gi-baking-worker=262144"
    "memorysetup-temp-allocator-size-gi-baking-worker=262144"
    "memorysetup-temp-allocator-size-gi-baking-worker=262144"
    "memorysetup-bucket-allocator-granularity=16"
    "memorysetup-bucket-allocator-bucket-count=8"
    "memorysetup-bucket-allocator-block-size=33554432"
    "memorysetup-bucket-allocator-block-count=8"
    "memorysetup-main-allocator-block-size=16777216"
    "memorysetup-thread-allocator-block-size=16777216"
    "memorysetup-gfx-main-allocator-block-size=16777216"
    "memorysetup-gfx-thread-allocator-block-size=16777216"
    "memorysetup-cache-allocator-block-size=4194304"
    "memorysetup-typetree-allocator-block-size=2097152"
    "memorysetup-profiler-bucket-allocator-granularity=16"
    "memorysetup-profiler-bucket-allocator-bucket-count=8"
    "memorysetup-profiler-bucket-allocator-block-size=33554432"
    "memorysetup-profiler-bucket-allocator-block-count=8"
    "memorysetup-profiler-allocator-block-size=16777216"
    "memorysetup-profiler-editor-allocator-block-size=1048576"
    "memorysetup-temp-allocator-size-main=16777216"
    "memorysetup-job-temp-allocator-block-size=2097152"
    "memorysetup-job-temp-allocator-block-size-background=1048576"
    "memorysetup-job-temp-allocator-reduction-small-platforms=262144"
    "memorysetup-temp-allocator-size-cloud-worker=32768"
Player connection [11332]  Target information:

Player connection [11332]  * "[IP] 192.168.219.104 [Port] 0 [Flags] 2 [Guid] 2187649557 [EditorId] 2187649557 [Version] 1048832 [Id] WindowsEditor(7,Dinosaur) [Debug] 1 [PackageName] WindowsEditor [ProjectName] Editor" 

Player connection [11332] Host joined multi-casting on [225.0.0.222:54997]...
Player connection [11332] Host joined alternative multi-casting on [225.0.0.222:34997]...
JobSystem: Creating JobQueue using job-worker-count value 5
Input System module state changed to: Initialized.
[Physics::Module] Initialized fallback backend.
[Physics::Module] Id: 0xdecafbad
Library Redirect Path: Library/
[Physics::Module] Selected backend.
[Physics::Module] Name: PhysX
[Physics::Module] Id: 0xf2b8ea05
[Physics::Module] SDK Version: 4.1.2
[Physics::Module] Integration Version: 1.0.0
[Physics::Module] Threading Mode: Multi-Threaded
Refreshing native plugins compatible for Editor in 8.75 ms, found 4 plugins.
Preloading 0 native plugins for Editor in 0.00 ms.
Initialize engine version: 6000.3.15f1 (c1aa84e375f6)
[Subsystems] Discovering subsystems at path C:/Program Files/Unity/Hub/Editor/6000.3.15f1/Editor/Data/Resources/UnitySubsystems
[Subsystems] Discovering subsystems at path C:/Users/nwond/OneDrive/바탕 화면/Pocket-Racer/Program/Assets
GfxDevice: creating device client; kGfxThreadingModeNonThreaded
Direct3D:
    Version:  Direct3D 11.0 [level 11.1]
    Renderer: NVIDIA GeForce RTX 3060 (ID=0x2544)
    Vendor:   NVIDIA
    VRAM:     8036 MB
    Driver:   32.0.16.1074
Initialize mono
Mono path[0] = 'C:/Program Files/Unity/Hub/Editor/6000.3.15f1/Editor/Data/Managed'
Mono path[1] = 'C:/Program Files/Unity/Hub/Editor/6000.3.15f1/Editor/Data/MonoBleedingEdge/lib/mono/unityjit-win32'
Mono config path = 'C:/Program Files/Unity/Hub/Editor/6000.3.15f1/Editor/Data/MonoBleedingEdge/etc'
Using monoOptions --debugger-agent=transport=dt_socket,embedding=1,server=y,suspend=n,address=127.0.0.1:56304
Begin MonoManager ReloadAssembly
Registering precompiled unity dll's ...
Register platform support module: C:/Program Files/Unity/Hub/Editor/6000.3.15f1/Editor/Data/PlaybackEngines/WindowsStandaloneSupport/UnityEditor.WindowsStandalone.Extensions.dll
Registered in 0.005508 seconds.
- Loaded All Assemblies, in  1.366 seconds
Native extension for WindowsStandalone target not found
[Licensing::Client] Error: HandshakeResponse reported an error:
	ResponseCode: 505
	ResponseStatus: Unsupported protocol version '1.18.1'.
[Licensing::Module] Error: Failed to handshake to channel: "LicenseClient-nwond"
[Licensing::IpcConnector] LicenseClient-nwond channel disconnected successfully.
[Licensing::IpcConnector] Successfully connected to: "LicenseClient-nwond-6000.3.15" at "2026-07-28T04:10:15.1042145Z"
[Licensing::Client] Code 10 while verifying Licensing Client signature (process Id: 25596, path: "C:/Program Files/Unity/Hub/Editor/6000.3.15f1/Editor/Data/Resources/Licensing/Client/Unity.Licensing.Client.exe")
[Licensing::Module] LicensingClient has failed validation; ignoring
[Licensing::Client] Handshaking with LicensingClient:
  Version:                 1.18.1+9fbee8e
  Session Id:              6de9c95d049b4fc4bde334de0c13f470
  Correlation Id:          068ee9ad5a76ca94e523770b0f848c72
  External correlation Id: 4071347297311035257
  Machine Id:              vzHBHqQzprq0ab1zjqc1s15jH+s=
[Licensing::Module] Successfully connected to LicensingClient on channel: "LicenseClient-nwond-6000.3.15" (connect: 0.00s, validation: 0.00s, handshake: 0.01s)
[Licensing::IpcConnector] Successfully connected to: "LicenseClient-nwond-6000.3.15-notifications" at "2026-07-28T04:10:15.1207817Z"
[Licensing::Module] Licensing Background thread has ended after 3.77s
Package Manager log level set to [2]
[Package Manager] Failed to launch server process. Reason: Unity was launched with the -noUpm command-line argument
[Package Manager] Unable to send message (not connected to server process).
[Package Manager] Cannot connect to Unity Package Manager local server
ScheduleIndexationOnStartup MainProcess:False IndexOnStartup:True
Mono: successfully reloaded assembly
- Finished resetting the current domain, in  0.803 seconds
Domain Reload Profiling: 2160ms
	BeginReloadAssembly (415ms)
		ExecutionOrderSort (0ms)
		DisableScriptedObjects (0ms)
		BackupInstance (0ms)
		ReleaseScriptingObjects (0ms)
		CreateAndSetChildDomain (1ms)
	RebuildCommonClasses (90ms)
	RebuildNativeTypeToScriptingClass (59ms)
	initialDomainReloadingComplete (133ms)
	LoadAllAssembliesAndSetupDomain (660ms)
		LoadAssemblies (405ms)
		RebuildTransferFunctionScriptingTraits (0ms)
		AnalyzeDomain (653ms)
			TypeCache.Refresh (650ms)
				TypeCache.ScanAssembly (625ms)
			BuildScriptInfoCaches (1ms)
			ResolveRequiredComponents (1ms)
	FinalizeReload (804ms)
		ReleaseScriptCaches (0ms)
		RebuildScriptCaches (0ms)
		SetupLoadedEditorAssemblies (680ms)
			LogAssemblyErrors (0ms)
			InitializePlatformSupportModulesInManaged (124ms)
			SetLoadedEditorAssemblies (6ms)
			BeforeProcessingInitializeOnLoad (162ms)
			ProcessInitializeOnLoadAttributes (272ms)
			ProcessInitializeOnLoadMethodAttributes (116ms)
			AfterProcessingInitializeOnLoad (0ms)
			EditorAssembliesLoaded (0ms)
		ExecutionOrderSort2 (0ms)
		AwakeInstancesAfterBackupRestoration (0ms)
========================================================================
Worker process is ready to serve import requests
Import Worker Mode flag is 0x00
Begin MonoManager ReloadAssembly
[Licensing::Client] Successfully resolved entitlement details
[Licensing::Module] License group:
  Id: 14569174559127-UnityPersXXXX
  Product: Unity Personal
  Type: Assigned
  Expiration: Unlimited
- Loaded All Assemblies, in  1.442 seconds
Refreshing native plugins compatible for Editor in 2.70 ms, found 4 plugins.
Native extension for WindowsStandalone target not found
[Package Manager] Failed to launch server process. Reason: Unity was launched with the -noUpm command-line argument
[Package Manager] Unable to send message (not connected to server process).
[Package Manager] Cannot connect to Unity Package Manager local server
Refreshing native plugins compatible for Editor in 4.78 ms, found 4 plugins.
[Package Manager] Failed to launch server process. Reason: Unity was launched with the -noUpm command-line argument
[Package Manager] Unable to send message (not connected to server process).
[Package Manager] Cannot connect to Unity Package Manager local server
ScheduleIndexationOnStartup MainProcess:False IndexOnStartup:True
Mono: successfully reloaded assembly
- Finished resetting the current domain, in  1.445 seconds
Domain Reload Profiling: 2875ms
	BeginReloadAssembly (388ms)
		ExecutionOrderSort (0ms)
		DisableScriptedObjects (6ms)
		BackupInstance (0ms)
		ReleaseScriptingObjects (0ms)
		CreateAndSetChildDomain (37ms)
	RebuildCommonClasses (56ms)
	RebuildNativeTypeToScriptingClass (21ms)
	initialDomainReloadingComplete (61ms)
	LoadAllAssembliesAndSetupDomain (904ms)
		LoadAssemblies (763ms)
		RebuildTransferFunctionScriptingTraits (0ms)
		AnalyzeDomain (429ms)
			TypeCache.Refresh (315ms)
				TypeCache.ScanAssembly (291ms)
			BuildScriptInfoCaches (93ms)
			ResolveRequiredComponents (13ms)
	FinalizeReload (1446ms)
		ReleaseScriptCaches (0ms)
		RebuildScriptCaches (0ms)
		SetupLoadedEditorAssemblies (1199ms)
			LogAssemblyErrors (0ms)
			InitializePlatformSupportModulesInManaged (2ms)
			SetLoadedEditorAssemblies (4ms)
			BeforeProcessingInitializeOnLoad (190ms)
			ProcessInitializeOnLoadAttributes (920ms)
			ProcessInitializeOnLoadMethodAttributes (73ms)
			AfterProcessingInitializeOnLoad (11ms)
			EditorAssembliesLoaded (0ms)
		ExecutionOrderSort2 (0ms)
		AwakeInstancesAfterBackupRestoration (17ms)
Launched and connected shader compiler UnityShaderCompiler.exe after 0.02 seconds
Refreshing native plugins compatible for Editor in 3.34 ms, found 4 plugins.
Preloading 0 native plugins for Editor in 0.00 ms.
Unloading 16 Unused Serialized files (Serialized files now loaded: 0)
Unloading 6805 unused Assets / (4.6 MB). Loaded Objects now: 7607.
Memory consumption went from 159.0 MB to 154.4 MB.
Total: 10.192800 ms (FindLiveObjects: 1.127500 ms CreateObjectMapping: 0.443200 ms MarkObjects: 6.242300 ms  DeleteObjects: 2.378600 ms)

========================================================================
Received Import Request.
  Time since last request: 759106.753608 seconds.
  path: Assets/Apex Studio/Toon Racer Starter Track Kit
  artifactKey: Guid(3e0d31498fc0e464f847ece9125cbcdf) Importer(815301076,1909f56bfc062723c751e8b465ee728b)
Start importing Assets/Apex Studio/Toon Racer Starter Track Kit using Guid(3e0d31498fc0e464f847ece9125cbcdf) Importer(815301076,1909f56bfc062723c751e8b465ee728b) (PreviewImporter) -> (artifact id: '954c45688933c1d56a3f80bc548a0970') in 0.0051115 seconds
Number of updated asset objects reloaded before import = 0Number of asset objects unloaded after import = 0

========================================================================
Received Import Request.
  Time since last request: 4.739266 seconds.
  path: Assets/Toon Racer Starter Track Kit/Meshes/Track05.fbx
  artifactKey: Guid(7763ab1bf00ff2041942c7bf4d12dc2b) Importer(2089858483,b0f066a214c2f5e87bad3c948f4d605d)
Start importing Assets/Toon Racer Starter Track Kit/Meshes/Track05.fbx using Guid(7763ab1bf00ff2041942c7bf4d12dc2b) Importer(2089858483,b0f066a214c2f5e87bad3c948f4d605d) (ScriptedImporter) -> (artifact id: '9f3bb0676a4db08297b951c3b8ef779d') in 0.2412984 seconds
Number of updated asset objects reloaded before import = 0Number of asset objects unloaded after import = 17

========================================================================
Received Import Request.
  Time since last request: 0.000038 seconds.
  path: Assets/Toon Racer Starter Track Kit/Documentation
  artifactKey: Guid(ddf5a176782e20543a364aded48aa811) Importer(2089858483,b0f066a214c2f5e87bad3c948f4d605d)
Start importing Assets/Toon Racer Starter Track Kit/Documentation using Guid(ddf5a176782e20543a364aded48aa811) Importer(2089858483,b0f066a214c2f5e87bad3c948f4d605d) (ScriptedImporter) -> (artifact id: '7247990ed953e97cbc27adc780c1b6d3') in 0.0199886 seconds
Number of updated asset objects reloaded before import = 0Number of asset objects unloaded after import = 1

========================================================================
Received Import Request.
  Time since last request: 0.000042 seconds.
  path: Assets/Toon Racer Starter Track Kit/Prefabs/Ground.prefab
  artifactKey: Guid(06708a03200068e43b170ac12c935c11) Importer(2089858483,b0f066a214c2f5e87bad3c948f4d605d)
Start importing Assets/Toon Racer Starter Track Kit/Prefabs/Ground.prefab using Guid(06708a03200068e43b170ac12c935c11) Importer(2089858483,b0f066a214c2f5e87bad3c948f4d605d) (ScriptedImporter) -> (artifact id: 'cda1eae9718cf4ac80fb8a374062479d') in 0.0217527 seconds
Number of updated asset objects reloaded before import = 0Number of asset objects unloaded after import = 9

========================================================================
Received Import Request.
  Time since last request: 0.000046 seconds.
  path: Assets/Toon Racer Starter Track Kit/Textures/PlaneGround/T_PlaneGround_Albedo.png
  artifactKey: Guid(7448f49fd3e1af143b23b5c7023cbbce) Importer(2089858483,b0f066a214c2f5e87bad3c948f4d605d)
Start importing Assets/Toon Racer Starter Track Kit/Textures/PlaneGround/T_PlaneGround_Albedo.png using Guid(7448f49fd3e1af143b23b5c7023cbbce) Importer(2089858483,b0f066a214c2f5e87bad3c948f4d605d) (ScriptedImporter) -> (artifact id: '438b056aab4b5ebb4e0c8889b3b9931b') in 0.0792167 seconds
Number of updated asset objects reloaded before import = 0Number of asset objects unloaded after import = 1

========================================================================
Received Import Request.
  Time since last request: 0.000027 seconds.
  path: Assets/Toon Racer Starter Track Kit/Textures/Car/Car__Albedo.png
  artifactKey: Guid(344f99cb29fcb754b8bac0c3cc66a646) Importer(2089858483,b0f066a214c2f5e87bad3c948f4d605d)
Start importing Assets/Toon Racer Starter Track Kit/Textures/Car/Car__Albedo.png using Guid(344f99cb29fcb754b8bac0c3cc66a646) Importer(2089858483,b0f066a214c2f5e87bad3c948f4d605d) (ScriptedImporter) -> (artifact id: '9e18ca4ce60a7654a3d7164d65898aec') in 0.0271288 seconds
Number of updated asset objects reloaded before import = 0Number of asset objects unloaded after import = 1

========================================================================
Received Import Request.
  Time since last request: 0.000044 seconds.
  path: Assets/Toon Racer Starter Track Kit/Textures/Car
  artifactKey: Guid(e1396db9ed66f7d43b38e471bea10089) Importer(2089858483,b0f066a214c2f5e87bad3c948f4d605d)
Start importing Assets/Toon Racer Starter Track Kit/Textures/Car using Guid(e1396db9ed66f7d43b38e471bea10089) Importer(2089858483,b0f066a214c2f5e87bad3c948f4d605d) (ScriptedImporter) -> (artifact id: '56359a2e2ee160f052682c27952a35fd') in 0.0189105 seconds
Number of updated asset objects reloaded before import = 0Number of asset objects unloaded after import = 1

========================================================================
Received Import Request.
  Time since last request: 7.926351 seconds.
  path: Assets/Toon Racer Starter Track Kit/Meshes
  artifactKey: Guid(fb836c0e2c718194cbf3d815553e73dc) Importer(815301076,1909f56bfc062723c751e8b465ee728b)
Start importing Assets/Toon Racer Starter Track Kit/Meshes using Guid(fb836c0e2c718194cbf3d815553e73dc) Importer(815301076,1909f56bfc062723c751e8b465ee728b) (PreviewImporter) -> (artifact id: '8831f72a420df47e198c21da59adad3c') in 0.0006746 seconds
Number of updated asset objects reloaded before import = 0Number of asset objects unloaded after import = 0

========================================================================
Received Import Request.
  Time since last request: 0.022398 seconds.
  path: Assets/Toon Racer Starter Track Kit/Meshes/Barrier.fbx
  artifactKey: Guid(4d0b3ade2a637db4d91cfcb7309e04d5) Importer(815301076,1909f56bfc062723c751e8b465ee728b)
Start importing Assets/Toon Racer Starter Track Kit/Meshes/Barrier.fbx using Guid(4d0b3ade2a637db4d91cfcb7309e04d5) Importer(815301076,1909f56bfc062723c751e8b465ee728b) (PreviewImporter) -> (artifact id: 'cadf6f4bf9b5aaac5cf97527f2d355a8') in 0.7285284 seconds
Number of updated asset objects reloaded before import = 0Number of asset objects unloaded after import = 11

========================================================================
Received Import Request.
  Time since last request: 0.727396 seconds.
  path: Assets/Toon Racer Starter Track Kit/Materials/Mat_Barrier.mat
  artifactKey: Guid(6eb573b177b1fd84888e9afcf3510811) Importer(815301076,1909f56bfc062723c751e8b465ee728b)
Start importing Assets/Toon Racer Starter Track Kit/Materials/Mat_Barrier.mat using Guid(6eb573b177b1fd84888e9afcf3510811) Importer(815301076,1909f56bfc062723c751e8b465ee728b) (PreviewImporter) -> (artifact id: 'bddcb49d7cdbf8eb92f6770173588cf1') in 0.0968366 seconds
Number of updated asset objects reloaded before import = 0Number of asset objects unloaded after import = 4

========================================================================
Received Import Request.
  Time since last request: 0.000078 seconds.
  path: Assets/Toon Racer Starter Track Kit/Materials/Mat_Ground.mat
  artifactKey: Guid(811dbc42f13e5ea47b0156d108a9a653) Importer(815301076,1909f56bfc062723c751e8b465ee728b)
Start importing Assets/Toon Racer Starter Track Kit/Materials/Mat_Ground.mat using Guid(811dbc42f13e5ea47b0156d108a9a653) Importer(815301076,1909f56bfc062723c751e8b465ee728b) (PreviewImporter) -> (artifact id: '4432d8313ead5a0ff59104348ad3de22') in 0.0148331 seconds
Number of updated asset objects reloaded before import = 0Number of asset objects unloaded after import = 1

========================================================================
Received Import Request.
  Time since last request: 15.821834 seconds.
  path: Assets/Toon Racer Starter Track Kit/Materials/Mat_Barrier.mat
  artifactKey: Guid(6eb573b177b1fd84888e9afcf3510811) Importer(815301076,1909f56bfc062723c751e8b465ee728b)
Start importing Assets/Toon Racer Starter Track Kit/Materials/Mat_Barrier.mat using Guid(6eb573b177b1fd84888e9afcf3510811) Importer(815301076,1909f56bfc062723c751e8b465ee728b) (PreviewImporter) -> (artifact id: '26f8801e14b37aa73c8ad38eba8269f1') in 7.074715 seconds
Number of updated asset objects reloaded before import = 0Number of asset objects unloaded after import = 4

========================================================================
Received Import Request.
  Time since last request: 0.065591 seconds.
  path: Assets/Toon Racer Starter Track Kit/Materials/Mat_PlaneGround.mat
  artifactKey: Guid(770b2ddc6f5d11e47a75e97ed278e6bc) Importer(2089858483,b0f066a214c2f5e87bad3c948f4d605d)
Start importing Assets/Toon Racer Starter Track Kit/Materials/Mat_PlaneGround.mat using Guid(770b2ddc6f5d11e47a75e97ed278e6bc) Importer(2089858483,b0f066a214c2f5e87bad3c948f4d605d) (ScriptedImporter) -> (artifact id: 'bd2c9a43319389aacb2cd1abf3da88d3') in 0.0369531 seconds
Number of updated asset objects reloaded before import = 0Number of asset objects unloaded after import = 5

========================================================================
Received Import Request.
  Time since last request: 3.127039 seconds.
  path: Assets/Toon Racer Starter Track Kit/Prefabs/Barrier.prefab
  artifactKey: Guid(fd44b2a9bebcd2f44a7c0d612428c9a8) Importer(815301076,1909f56bfc062723c751e8b465ee728b)
Start importing Assets/Toon Racer Starter Track Kit/Prefabs/Barrier.prefab using Guid(fd44b2a9bebcd2f44a7c0d612428c9a8) Importer(815301076,1909f56bfc062723c751e8b465ee728b) (PreviewImporter) -> (artifact id: 'c2909e0c5fea6b6e5b6eca1b8ccbcf39') in 0.0962683 seconds
Number of updated asset objects reloaded before import = 0Number of asset objects unloaded after import = 20

========================================================================
Received Import Request.
  Time since last request: 1.465305 seconds.
  path: Assets/Toon Racer Starter Track Kit/Meshes/Barrier.fbx
  artifactKey: Guid(4d0b3ade2a637db4d91cfcb7309e04d5) Importer(815301076,1909f56bfc062723c751e8b465ee728b)
Start importing Assets/Toon Racer Starter Track Kit/Meshes/Barrier.fbx using Guid(4d0b3ade2a637db4d91cfcb7309e04d5) Importer(815301076,1909f56bfc062723c751e8b465ee728b) (PreviewImporter) -> (artifact id: 'a43b1d82e327e28a968cb04aa6f2719b') in 0.0506147 seconds
Number of updated asset objects reloaded before import = 0Number of asset objects unloaded after import = 11

========================================================================
Received Import Request.
  Time since last request: 0.000050 seconds.
  path: Assets/Toon Racer Starter Track Kit/Meshes/Track05.fbx
  artifactKey: Guid(7763ab1bf00ff2041942c7bf4d12dc2b) Importer(815301076,1909f56bfc062723c751e8b465ee728b)
Start importing Assets/Toon Racer Starter Track Kit/Meshes/Track05.fbx using Guid(7763ab1bf00ff2041942c7bf4d12dc2b) Importer(815301076,1909f56bfc062723c751e8b465ee728b) (PreviewImporter) -> (artifact id: '4bd58bf741516a8928e598591e15d8a9') in 3.2603553 seconds
Number of updated asset objects reloaded before import = 0Number of asset objects unloaded after import = 21

========================================================================
Received Import Request.
  Time since last request: 1.711358 seconds.
  path: Assets/Toon Racer Starter Track Kit/Meshes
  artifactKey: Guid(fb836c0e2c718194cbf3d815553e73dc) Importer(2089858483,b0f066a214c2f5e87bad3c948f4d605d)
Start importing Assets/Toon Racer Starter Track Kit/Meshes using Guid(fb836c0e2c718194cbf3d815553e73dc) Importer(2089858483,b0f066a214c2f5e87bad3c948f4d605d) (ScriptedImporter) -> (artifact id: '930d596d57e8b13e4ecf1f00c7a45c42') in 0.024943 seconds
Number of updated asset objects reloaded before import = 0Number of asset objects unloaded after import = 1

========================================================================
Received Import Request.
  Time since last request: 0.000030 seconds.
  path: Assets/Toon Racer Starter Track Kit/Meshes/Barrier.fbx
  artifactKey: Guid(4d0b3ade2a637db4d91cfcb7309e04d5) Importer(2089858483,b0f066a214c2f5e87bad3c948f4d605d)
Start importing Assets/Toon Racer Starter Track Kit/Meshes/Barrier.fbx using Guid(4d0b3ade2a637db4d91cfcb7309e04d5) Importer(2089858483,b0f066a214c2f5e87bad3c948f4d605d) (ScriptedImporter) -> (artifact id: 'b2706900aca8cf3c7e8f5836c38449ec') in 0.0453103 seconds
Number of updated asset objects reloaded before import = 0Number of asset objects unloaded after import = 8

========================================================================
Received Import Request.
  Time since last request: 3.041624 seconds.
  path: Assets/Toon Racer Starter Track Kit/Demo/Scenes
  artifactKey: Guid(f5f832ccaa89b3c45bc917a6f118f8d9) Importer(815301076,1909f56bfc062723c751e8b465ee728b)
Start importing Assets/Toon Racer Starter Track Kit/Demo/Scenes using Guid(f5f832ccaa89b3c45bc917a6f118f8d9) Importer(815301076,1909f56bfc062723c751e8b465ee728b) (PreviewImporter) -> (artifact id: 'd8af90be32fbdd5caa0311aff12b7bd5') in 0.0009232 seconds
Number of updated asset objects reloaded before import = 0Number of asset objects unloaded after import = 0

========================================================================
Received Import Request.
  Time since last request: 0.413026 seconds.
  path: Assets/Toon Racer Starter Track Kit/Demo/Scenes/Track_Demo.unity
  artifactKey: Guid(6a4e46c20e2f92543a544eeb921a2fc9) Importer(815301076,1909f56bfc062723c751e8b465ee728b)
Start importing Assets/Toon Racer Starter Track Kit/Demo/Scenes/Track_Demo.unity using Guid(6a4e46c20e2f92543a544eeb921a2fc9) Importer(815301076,1909f56bfc062723c751e8b465ee728b) (PreviewImporter) -> (artifact id: 'd6ce4a6f78d0c057b2c37bd12c025e3e') in 0.0008932 seconds
Number of updated asset objects reloaded before import = 0Number of asset objects unloaded after import = 0

========================================================================
Received Import Request.
  Time since last request: 61.359921 seconds.
  path: Assets/Toon Racer Starter Track Kit/Prefabs/Tracks
  artifactKey: Guid(af68e48ffae5f1f43bec79e774d79819) Importer(815301076,1909f56bfc062723c751e8b465ee728b)
Start importing Assets/Toon Racer Starter Track Kit/Prefabs/Tracks using Guid(af68e48ffae5f1f43bec79e774d79819) Importer(815301076,1909f56bfc062723c751e8b465ee728b) (PreviewImporter) -> (artifact id: '689184e5e75bfc97caf7254c3c178b78') in 0.0007857 seconds
Number of updated asset objects reloaded before import = 0Number of asset objects unloaded after import = 0

========================================================================
Received Import Request.
  Time since last request: 0.019071 seconds.
  path: Assets/Toon Racer Starter Track Kit/Prefabs/Tracks/Track01.prefab
  artifactKey: Guid(a40b4b7ca208e87468a6587ee6043da7) Importer(815301076,1909f56bfc062723c751e8b465ee728b)
Start importing Assets/Toon Racer Starter Track Kit/Prefabs/Tracks/Track01.prefab using Guid(a40b4b7ca208e87468a6587ee6043da7) Importer(815301076,1909f56bfc062723c751e8b465ee728b) (PreviewImporter) -> (artifact id: '89bfc5489f61002aeb1527c11adda897') in 0.1616054 seconds
Number of updated asset objects reloaded before import = 0Number of asset objects unloaded after import = 37

========================================================================
Received Import Request.
  Time since last request: 8.978297 seconds.
  path: Assets/Toon Racer Starter Track Kit/Materials/Mat_PlaneGround.mat
  artifactKey: Guid(770b2ddc6f5d11e47a75e97ed278e6bc) Importer(2089858483,b0f066a214c2f5e87bad3c948f4d605d)
Start importing Assets/Toon Racer Starter Track Kit/Materials/Mat_PlaneGround.mat using Guid(770b2ddc6f5d11e47a75e97ed278e6bc) Importer(2089858483,b0f066a214c2f5e87bad3c948f4d605d) (ScriptedImporter) -> (artifact id: 'c326d3b8b2a4a2ef60931fe341bbfde4') in 0.0341245 seconds
Number of updated asset objects reloaded before import = 0Number of asset objects unloaded after import = 5

========================================================================
Received Import Request.
  Time since last request: 18.213186 seconds.
  path: Assets/Free LowPoly Pack/Meshes
  artifactKey: Guid(f8d6b15ddd3a52f4bb19259aeb7fa40f) Importer(815301076,1909f56bfc062723c751e8b465ee728b)
Start importing Assets/Free LowPoly Pack/Meshes using Guid(f8d6b15ddd3a52f4bb19259aeb7fa40f) Importer(815301076,1909f56bfc062723c751e8b465ee728b) (PreviewImporter) -> (artifact id: '290015f084723d59847231b0bb1a4d7c') in 0.000661 seconds
Number of updated asset objects reloaded before import = 0Number of asset objects unloaded after import = 0

========================================================================
Received Import Request.
  Time since last request: 0.005918 seconds.
  path: Assets/Free LowPoly Pack/Meshes/CeilingA1_mesh.fbx
  artifactKey: Guid(57e6c89de3325954bbd5247e79ab73f6) Importer(815301076,1909f56bfc062723c751e8b465ee728b)
Start importing Assets/Free LowPoly Pack/Meshes/CeilingA1_mesh.fbx using Guid(57e6c89de3325954bbd5247e79ab73f6) Importer(815301076,1909f56bfc062723c751e8b465ee728b) (PreviewImporter) -> (artifact id: '78eca1f0a0cefd45286caec44a068858') in 0.1102833 seconds
Number of updated asset objects reloaded before import = 0Number of asset objects unloaded after import = 10

========================================================================
Received Import Request.
  Time since last request: 0.000056 seconds.
  path: Assets/Free LowPoly Pack/Meshes/PanelB_mesh.fbx
  artifactKey: Guid(8c9b5f068404c544a820bdbeaebf5a41) Importer(815301076,1909f56bfc062723c751e8b465ee728b)
Start importing Assets/Free LowPoly Pack/Meshes/PanelB_mesh.fbx using Guid(8c9b5f068404c544a820bdbeaebf5a41) Importer(815301076,1909f56bfc062723c751e8b465ee728b) (PreviewImporter) -> (artifact id: 'b4b23ab4cda0eabc9c25e7071ebd22c2') in 0.0493165 seconds
Number of updated asset objects reloaded before import = 0Number of asset objects unloaded after import = 11

========================================================================
Received Import Request.
  Time since last request: 0.000052 seconds.
  path: Assets/Free LowPoly Pack/Meshes/WallSmallC_mesh.fbx
  artifactKey: Guid(34e4968ef26fa4b4c8d88bbfcb01071b) Importer(815301076,1909f56bfc062723c751e8b465ee728b)
Start importing Assets/Free LowPoly Pack/Meshes/WallSmallC_mesh.fbx using Guid(34e4968ef26fa4b4c8d88bbfcb01071b) Importer(815301076,1909f56bfc062723c751e8b465ee728b) (PreviewImporter) -> (artifact id: '21f4c67fe8e5d77f73a95716a62cf431') in 0.0399768 seconds
Number of updated asset objects reloaded before import = 0Number of asset objects unloaded after import = 11

========================================================================
Received Import Request.
  Time since last request: 0.000051 seconds.
  path: Assets/Free LowPoly Pack/Meshes/WallLargeB_mesh.fbx
  artifactKey: Guid(69850715f8d465b45a1e9698cd699191) Importer(815301076,1909f56bfc062723c751e8b465ee728b)
Start importing Assets/Free LowPoly Pack/Meshes/WallLargeB_mesh.fbx using Guid(69850715f8d465b45a1e9698cd699191) Importer(815301076,1909f56bfc062723c751e8b465ee728b) (PreviewImporter) -> (artifact id: '977b48cd310ad5cc9cacc5025704306d') in 0.041894 seconds
Number of updated asset objects reloaded before import = 0Number of asset objects unloaded after import = 11

========================================================================
Received Import Request.
  Time since last request: 0.000053 seconds.
  path: Assets/Free LowPoly Pack/Meshes/FloorInteriorB1_mesh.fbx
  artifactKey: Guid(5b63062f0f9550241a5fee43fa3bebac) Importer(815301076,1909f56bfc062723c751e8b465ee728b)
Start importing Assets/Free LowPoly Pack/Meshes/FloorInteriorB1_mesh.fbx using Guid(5b63062f0f9550241a5fee43fa3bebac) Importer(815301076,1909f56bfc062723c751e8b465ee728b) (PreviewImporter) -> (artifact id: '4a55b2185350eea68e3b3d16742d9de5') in 0.0410551 seconds
Number of updated asset objects reloaded before import = 0Number of asset objects unloaded after import = 11

========================================================================
Received Import Request.
  Time since last request: 0.000074 seconds.
  path: Assets/Free LowPoly Pack/Meshes/GateSmallFrameB_mesh.fbx
  artifactKey: Guid(41c20a22c931844479143387a0152c7e) Importer(815301076,1909f56bfc062723c751e8b465ee728b)
Start importing Assets/Free LowPoly Pack/Meshes/GateSmallFrameB_mesh.fbx using Guid(41c20a22c931844479143387a0152c7e) Importer(815301076,1909f56bfc062723c751e8b465ee728b) (PreviewImporter) -> (artifact id: '83109788fdc398394d78ef14106581f0') in 3.8003257 seconds
Number of updated asset objects reloaded before import = 0Number of asset objects unloaded after import = 14

Editor requested this worker to shutdown with reason: Scaling down because of idle timeout
AssetImportWorker is now disconnected from the server
Process exiting
Exiting without the bug reporter. Application will terminate with return code 0